<html>
<body>
<pre>
<h1>µVision Build Log</h1>
<h2>Tool Versions:</h2>
IDE-Version: µVision V5.27.1.0
Copyright (C) 2019 ARM Ltd and ARM Germany GmbH. All rights reserved.
License Information: Steven Phan , csulb, LIC=----
 
Tool Versions:
Toolchain:       MDK-Lite  Version: 5.27.1.0
Toolchain Path:  C:\Keil_v5\ARM\ARMCC\Bin
C Compiler:      Armcc.exe V5.06 update 6 (build 750)
Assembler:       Armasm.exe V5.06 update 6 (build 750)
Linker/Locator:  ArmLink.exe V5.06 update 6 (build 750)
Library Manager: ArmAr.exe V5.06 update 6 (build 750)
Hex Converter:   FromElf.exe V5.06 update 6 (build 750)
CPU DLL:         SARMCM3.DLL V5.27.1.0
Dialog DLL:      DCM.DLL V1.17.2.0
Target DLL:      lmidk-agdi.dll V???
Dialog DLL:      TCM.DLL V1.36.1.0
 
<h2>Project:</h2>
C:\School Work\CECS 447\TV-Remote\TM4C_1\UART.uvproj
Project File Date:  12/05/2019

<h2>Output:</h2>
*** Using Compiler 'V5.06 update 6 (build 750)', folder: 'C:\Keil_v5\ARM\ARMCC\Bin'
Build target 'UART'
compiling IRTestMain.c...
IR_Mod.h(9): warning:  #1-D: last line of file ends without a newline
  void sendPackage(char*ptr, char*cmd); 
IRTestMain.c(52): warning:  #177-D: variable "command_decimal_num"  was declared but never referenced
  	unsigned long command_decimal_num, device_value; 
IRTestMain.c(52): warning:  #177-D: variable "device_value"  was declared but never referenced
  	unsigned long command_decimal_num, device_value; 
IRTestMain.c(53): warning:  #177-D: variable "string"  was declared but never referenced
    char string[5]; 			// global to assist in debugging
IRTestMain.c(56): warning:  #177-D: variable "address"  was declared but never referenced
  	char address[2]; //holds binary value of the device number
IRTestMain.c(57): warning:  #177-D: variable "command"  was declared but never referenced
  	char command[3]; //holds binary value of the command number
IRTestMain.c(58): warning:  #177-D: variable "addr_ptr"  was declared but never referenced
  	char *addr_ptr; 
IRTestMain.c(59): warning:  #177-D: variable "cmd_ptr"  was declared but never referenced
  	char *cmd_ptr; 
IRTestMain.c(62): warning:  #177-D: variable "isFrequency"  was declared but never referenced
  	unsigned char isFrequency = 0x00; // flag to check if there is an f 
IRTestMain.c(63): warning:  #177-D: variable "a"  was declared but never referenced
  	char a = 0xFF;
IRTestMain.c(64): warning:  #177-D: variable "sum"  was declared but never referenced
  	int sum = 0;
IRTestMain.c(65): warning:  #550-D: variable "n"  was set but never used
  	int n = 0; 
IRTestMain.c: 12 warnings, 0 errors
linking...
Program Size: Code=2268 RO-data=32 RW-data=4 ZI-data=1124  
".\UART.axf" - 0 Error(s), 12 Warning(s).
Build Time Elapsed:  00:00:02
</pre>
</body>
</html>
