ARM Linker, 5.03 [Build 76] [MDK-ARM Lite]

==============================================================================

Section Cross References

    startup.o(STACK) refers (Special) to heapauxi.o(.text) for __use_two_region_memory
    startup.o(HEAP) refers (Special) to heapauxi.o(.text) for __use_two_region_memory
    startup.o(RESET) refers (Special) to heapauxi.o(.text) for __use_two_region_memory
    startup.o(RESET) refers to startup.o(STACK) for StackMem
    startup.o(RESET) refers to systick.o(i.SysTick_Handler) for SysTick_Handler
    startup.o(RESET) refers to lab2_graphics.o(i.GPIOPortE_Handler) for GPIOPortE_Handler
    startup.o(RESET) refers to lab2_graphics.o(i.Timer0A_Handler) for Timer0A_Handler
    startup.o(RESET) refers to lab2_graphics.o(i.GPIOPortF_Handler) for GPIOPortF_Handler
    startup.o(RESET) refers to __main.o(!!!main) for __main
    startup.o(.text) refers (Special) to heapauxi.o(.text) for __use_two_region_memory
    startup.o(.text) refers to startup.o(HEAP) for HeapMem
    startup.o(.text) refers to startup.o(STACK) for StackMem
    lab2_graphics.o(i.GPIOPortE_Handler) refers to lab2_graphics.o(.data) for running
    lab2_graphics.o(i.GPIOPortF_Handler) refers to lab2_graphics.o(.data) for current_device_number
    lab2_graphics.o(i.OutCRLF) refers to uart.o(i.UART_OutChar) for UART_OutChar
    lab2_graphics.o(i.Timer0A_Handler) refers to lab2_graphics.o(i.checkStartPulse) for checkStartPulse
    lab2_graphics.o(i.Timer0A_Handler) refers to lab2_graphics.o(i.isSameDeviceNum) for isSameDeviceNum
    lab2_graphics.o(i.Timer0A_Handler) refers to lab2_graphics.o(i.decodePacket) for decodePacket
    lab2_graphics.o(i.Timer0A_Handler) refers to lab2_graphics.o(.data) for running
    lab2_graphics.o(i.Timer0A_Handler) refers to lab2_graphics.o(.bss) for packetArray
    lab2_graphics.o(i.addressBinToDecimal) refers to dflt_clz.o(x$fpl$dflt) for __aeabi_i2d
    lab2_graphics.o(i.addressBinToDecimal) refers to pow.o(i.pow) for pow
    lab2_graphics.o(i.addressBinToDecimal) refers to dmul.o(x$fpl$dmul) for __aeabi_dmul
    lab2_graphics.o(i.addressBinToDecimal) refers to daddsub_clz.o(x$fpl$dadd) for __aeabi_dadd
    lab2_graphics.o(i.addressBinToDecimal) refers to dfix.o(x$fpl$dfix) for __aeabi_d2iz
    lab2_graphics.o(i.checkStartPulse) refers to uart.o(i.UART_OutString) for UART_OutString
    lab2_graphics.o(i.checkStartPulse) refers to lab2_graphics.o(i.OutCRLF) for OutCRLF
    lab2_graphics.o(i.checkStartPulse) refers to lab2_graphics.o(.bss) for packetArray
    lab2_graphics.o(i.checkStartPulse) refers to lab2_graphics.o(.data) for startPulseDetected
    lab2_graphics.o(i.decodePacket) refers to uart.o(i.UART_OutString) for UART_OutString
    lab2_graphics.o(i.decodePacket) refers to uart.o(i.UART_OutUDec) for UART_OutUDec
    lab2_graphics.o(i.decodePacket) refers to lab2_graphics.o(i.OutCRLF) for OutCRLF
    lab2_graphics.o(i.decodePacket) refers to lab2_graphics.o(.bss) for packetArray
    lab2_graphics.o(i.decodePacket) refers to lab2_graphics.o(.data) for packet
    lab2_graphics.o(i.isSameDeviceNum) refers to lab2_graphics.o(i.addressBinToDecimal) for addressBinToDecimal
    lab2_graphics.o(i.isSameDeviceNum) refers to lab2_graphics.o(.data) for packet
    lab2_graphics.o(i.main) refers to pll.o(i.PLL_Init) for PLL_Init
    lab2_graphics.o(i.main) refers to systick.o(i.SysTick_Init) for SysTick_Init
    lab2_graphics.o(i.main) refers to waveforms.o(i.Init_PortB) for Init_PortB
    lab2_graphics.o(i.main) refers to uart.o(i.UART_Init) for UART_Init
    lab2_graphics.o(i.main) refers to uart.o(i.UART2_Init) for UART2_Init
    lab2_graphics.o(i.main) refers to ir_demod.o(i.Init_PortE) for Init_PortE
    lab2_graphics.o(i.main) refers to lab2_graphics.o(i.PORTF_Init) for PORTF_Init
    lab2_graphics.o(i.main) refers to st7735.o(i.ST7735_InitR) for ST7735_InitR
    lab2_graphics.o(i.main) refers to lab2_graphics.o(i.Timer0_Init) for Timer0_Init
    lab2_graphics.o(i.main) refers to uart.o(i.UART_OutChar) for UART_OutChar
    lab2_graphics.o(i.main) refers to lab2_graphics.o(i.OutCRLF) for OutCRLF
    lab2_graphics.o(i.main) refers to lab2_graphics.o(i.addressBinToDecimal) for addressBinToDecimal
    lab2_graphics.o(i.main) refers to walking.o(i.walking_animation) for walking_animation
    lab2_graphics.o(i.main) refers to walking.o(i.walking_backwards_animation) for walking_backwards_animation
    lab2_graphics.o(i.main) refers to walking.o(i.running_animation) for running_animation
    lab2_graphics.o(i.main) refers to walking.o(i.running_backwards_animation) for running_backwards_animation
    lab2_graphics.o(i.main) refers to walking.o(i.clear_animation) for clear_animation
    lab2_graphics.o(i.main) refers to lab2_graphics.o(.data) for frequency
    st7735.o(i.Output_Clear) refers to st7735.o(i.ST7735_FillScreen) for ST7735_FillScreen
    st7735.o(i.Output_Color) refers to st7735.o(i.ST7735_SetTextColor) for ST7735_SetTextColor
[...]
    sqrt.o(i.sqrt) refers to dsqrt_umaal.o(x$fpl$dsqrt) for _dsqrt
    sqrt.o(i.sqrt) refers to _rserrno.o(.text) for __set_errno
    sqrt_x.o(i.____softfp_sqrt$lsc) refers (Special) to usenofp.o(x$fpl$usenofp) for __I$use$fp
    sqrt_x.o(i.____softfp_sqrt$lsc) refers to dleqf.o(x$fpl$dleqf) for __aeabi_cdcmple
    sqrt_x.o(i.____softfp_sqrt$lsc) refers to _rserrno.o(.text) for __set_errno
    sqrt_x.o(i.____softfp_sqrt$lsc) refers to dsqrt_umaal.o(x$fpl$dsqrt) for _dsqrt
    sqrt_x.o(i.__sqrt$lsc) refers (Special) to usenofp.o(x$fpl$usenofp) for __I$use$fp
    sqrt_x.o(i.__sqrt$lsc) refers to dleqf.o(x$fpl$dleqf) for __aeabi_cdcmple
    sqrt_x.o(i.__sqrt$lsc) refers to _rserrno.o(.text) for __set_errno
    sqrt_x.o(i.__sqrt$lsc) refers to dsqrt_umaal.o(x$fpl$dsqrt) for _dsqrt
    rtentry2.o(.ARM.Collect$$rtentry$$00000008) refers to boardinit2.o(.text) for _platform_post_stackheap_init
    rtentry2.o(.ARM.Collect$$rtentry$$0000000A) refers to libinit.o(.ARM.Collect$$libinit$$00000000) for __rt_lib_init
    rtentry2.o(.ARM.Collect$$rtentry$$0000000B) refers to boardinit3.o(.text) for _platform_post_lib_init
    rtentry2.o(.ARM.Collect$$rtentry$$0000000D) refers to lab2_graphics.o(i.main) for main
    rtentry2.o(.ARM.Collect$$rtentry$$0000000D) refers to exit.o(.text) for exit
    rtentry2.o(.ARM.exidx) refers to rtentry2.o(.ARM.Collect$$rtentry$$00000001) for .ARM.Collect$$rtentry$$00000001
    rtentry2.o(.ARM.exidx) refers to rtentry2.o(.ARM.Collect$$rtentry$$00000008) for .ARM.Collect$$rtentry$$00000008
    rtentry2.o(.ARM.exidx) refers to rtentry2.o(.ARM.Collect$$rtentry$$0000000A) for .ARM.Collect$$rtentry$$0000000A
    rtentry2.o(.ARM.exidx) refers to rtentry2.o(.ARM.Collect$$rtentry$$0000000B) for .ARM.Collect$$rtentry$$0000000B
    rtentry2.o(.ARM.exidx) refers to rtentry2.o(.ARM.Collect$$rtentry$$0000000D) for .ARM.Collect$$rtentry$$0000000D
    rtentry4.o(.ARM.Collect$$rtentry$$00000004) refers to sys_stackheap_outer.o(.text) for __user_setup_stackheap
    rtentry4.o(.ARM.exidx) refers to rtentry4.o(.ARM.Collect$$rtentry$$00000004) for .ARM.Collect$$rtentry$$00000004
    rt_errno_addr.o(.text) refers to rt_errno_addr.o(.bss) for __aeabi_errno_addr_data
    rt_errno_addr_intlibspace.o(.text) refers to libspace.o(.bss) for __libspace_start
    dcheck1.o(x$fpl$dcheck1) refers (Special) to usenofp.o(x$fpl$usenofp) for __I$use$fp
    dcheck1.o(x$fpl$dcheck1) refers to retnan.o(x$fpl$retnan) for __fpl_return_NaN
    dleqf.o(x$fpl$dleqf) refers (Special) to usenofp.o(x$fpl$usenofp) for __I$use$fp
    dleqf.o(x$fpl$dleqf) refers to dnaninf.o(x$fpl$dnaninf) for __fpl_dnaninf
    dleqf.o(x$fpl$dleqf) refers to dcmpi.o(x$fpl$dcmpinf) for __fpl_dcmp_Inf
    dsqrt_umaal.o(x$fpl$dsqrt) refers (Special) to usenofp.o(x$fpl$usenofp) for __I$use$fp
    dsqrt_umaal.o(x$fpl$dsqrt) refers to dnaninf.o(x$fpl$dnaninf) for __fpl_dnaninf
    libspace.o(.text) refers to libspace.o(.bss) for __libspace_start
    sys_stackheap_outer.o(.text) refers to libspace.o(.text) for __user_perproc_libspace
    sys_stackheap_outer.o(.text) refers to startup.o(.text) for __user_initial_stackheap
    exit.o(.text) refers to rtexit.o(.ARM.Collect$$rtexit$$00000000) for __rt_exit
    libinit.o(.ARM.Collect$$libinit$$00000000) refers (Special) to libinit2.o(.ARM.Collect$$libinit$$0000002C) for __rt_lib_init_alloca_1
    libinit.o(.ARM.Collect$$libinit$$00000000) refers (Special) to libinit2.o(.ARM.Collect$$libinit$$0000002A) for __rt_lib_init_argv_1
    libinit.o(.ARM.Collect$$libinit$$00000000) refers (Special) to libinit2.o(.ARM.Collect$$libinit$$00000019) for __rt_lib_init_atexit_1
    libinit.o(.ARM.Collect$$libinit$$00000000) refers (Special) to libinit2.o(.ARM.Collect$$libinit$$0000001F) for __rt_lib_init_clock_1
    libinit.o(.ARM.Collect$$libinit$$00000000) refers (Special) to libinit2.o(.ARM.Collect$$libinit$$00000030) for __rt_lib_init_cpp_1
    libinit.o(.ARM.Collect$$libinit$$00000000) refers (Special) to libinit2.o(.ARM.Collect$$libinit$$0000002E) for __rt_lib_init_exceptions_1
    libinit.o(.ARM.Collect$$libinit$$00000000) refers (Special) to libinit2.o(.ARM.Collect$$libinit$$00000002) for __rt_lib_init_fp_1
    libinit.o(.ARM.Collect$$libinit$$00000000) refers (Special) to libinit2.o(.ARM.Collect$$libinit$$0000001D) for __rt_lib_init_fp_trap_1
    libinit.o(.ARM.Collect$$libinit$$00000000) refers (Special) to libinit2.o(.ARM.Collect$$libinit$$00000021) for __rt_lib_init_getenv_1
    libinit.o(.ARM.Collect$$libinit$$00000000) refers (Special) to libinit2.o(.ARM.Collect$$libinit$$00000008) for __rt_lib_init_heap_1
    libinit.o(.ARM.Collect$$libinit$$00000000) refers (Special) to libinit2.o(.ARM.Collect$$libinit$$0000000F) for __rt_lib_init_lc_collate_1
    libinit.o(.ARM.Collect$$libinit$$00000000) refers (Special) to libinit2.o(.ARM.Collect$$libinit$$00000011) for __rt_lib_init_lc_ctype_1
    libinit.o(.ARM.Collect$$libinit$$00000000) refers (Special) to libinit2.o(.ARM.Collect$$libinit$$00000013) for __rt_lib_init_lc_monetary_1
    libinit.o(.ARM.Collect$$libinit$$00000000) refers (Special) to libinit2.o(.ARM.Collect$$libinit$$00000015) for __rt_lib_init_lc_numeric_1
    libinit.o(.ARM.Collect$$libinit$$00000000) refers (Special) to libinit2.o(.ARM.Collect$$libinit$$00000017) for __rt_lib_init_lc_time_1
    libinit.o(.ARM.Collect$$libinit$$00000000) refers (Special) to libinit2.o(.ARM.Collect$$libinit$$0000000C) for __rt_lib_init_rand_1
    libinit.o(.ARM.Collect$$libinit$$00000000) refers (Special) to libinit2.o(.ARM.Collect$$libinit$$00000031) for __rt_lib_init_return
    libinit.o(.ARM.Collect$$libinit$$00000000) refers (Special) to libinit2.o(.ARM.Collect$$libinit$$0000001B) for __rt_lib_init_signal_1
    libinit.o(.ARM.Collect$$libinit$$00000000) refers (Special) to libinit2.o(.ARM.Collect$$libinit$$00000023) for __rt_lib_init_stdio_1
    libinit.o(.ARM.Collect$$libinit$$00000000) refers (Special) to libinit2.o(.ARM.Collect$$libinit$$0000000A) for __rt_lib_init_user_alloc_1
    dcmpi.o(x$fpl$dcmpinf) refers (Special) to usenofp.o(x$fpl$usenofp) for __I$use$fp
    retnan.o(x$fpl$retnan) refers (Special) to usenofp.o(x$fpl$usenofp) for __I$use$fp
    retnan.o(x$fpl$retnan) refers to trapv.o(x$fpl$trapveneer) for __fpl_cmpreturn
    rtexit.o(.ARM.Collect$$rtexit$$00000000) refers (Special) to rtexit2.o(.ARM.Collect$$rtexit$$00000004) for __rt_exit_exit
    rtexit.o(.ARM.Collect$$rtexit$$00000000) refers (Special) to rtexit2.o(.ARM.Collect$$rtexit$$00000003) for __rt_exit_ls
    rtexit.o(.ARM.Collect$$rtexit$$00000000) refers (Special) to rtexit2.o(.ARM.Collect$$rtexit$$00000002) for __rt_exit_prels_1
    rtexit.o(.ARM.exidx) refers (Special) to rtexit2.o(.ARM.Collect$$rtexit$$00000004) for __rt_exit_exit
    rtexit.o(.ARM.exidx) refers (Special) to rtexit2.o(.ARM.Collect$$rtexit$$00000003) for __rt_exit_ls
    rtexit.o(.ARM.exidx) refers (Special) to rtexit2.o(.ARM.Collect$$rtexit$$00000002) for __rt_exit_prels_1
    rtexit.o(.ARM.exidx) refers to rtexit.o(.ARM.Collect$$rtexit$$00000000) for .ARM.Collect$$rtexit$$00000000
    libinit2.o(.ARM.Collect$$libinit$$0000000E) refers to libinit2.o(.ARM.Collect$$libinit$$0000000D) for .ARM.Collect$$libinit$$0000000D
    libinit2.o(.ARM.Collect$$libinit$$00000010) refers to libinit2.o(.ARM.Collect$$libinit$$0000000D) for .ARM.Collect$$libinit$$0000000D
    libinit2.o(.ARM.Collect$$libinit$$00000012) refers to libinit2.o(.ARM.Collect$$libinit$$0000000D) for .ARM.Collect$$libinit$$0000000D
    libinit2.o(.ARM.Collect$$libinit$$00000014) refers to libinit2.o(.ARM.Collect$$libinit$$0000000D) for .ARM.Collect$$libinit$$0000000D
    libinit2.o(.ARM.Collect$$libinit$$00000016) refers to libinit2.o(.ARM.Collect$$libinit$$0000000D) for .ARM.Collect$$libinit$$0000000D
    libinit2.o(.ARM.Collect$$libinit$$00000024) refers to argv_veneer.o(.emb_text) for __ARM_argv_veneer
    libinit2.o(.ARM.Collect$$libinit$$00000025) refers to argv_veneer.o(.emb_text) for __ARM_argv_veneer
    trapv.o(x$fpl$trapveneer) refers (Special) to usenofp.o(x$fpl$usenofp) for __I$use$fp
    rtexit2.o(.ARM.Collect$$rtexit$$00000003) refers to libshutdown.o(.ARM.Collect$$libshutdown$$00000000) for __rt_lib_shutdown
    rtexit2.o(.ARM.Collect$$rtexit$$00000004) refers to sys_exit.o(.text) for _sys_exit
    rtexit2.o(.ARM.exidx) refers to rtexit2.o(.ARM.Collect$$rtexit$$00000001) for .ARM.Collect$$rtexit$$00000001
    rtexit2.o(.ARM.exidx) refers to rtexit2.o(.ARM.Collect$$rtexit$$00000003) for .ARM.Collect$$rtexit$$00000003
    rtexit2.o(.ARM.exidx) refers to rtexit2.o(.ARM.Collect$$rtexit$$00000004) for .ARM.Collect$$rtexit$$00000004
    argv_veneer.o(.emb_text) refers to no_argv.o(.text) for __ARM_get_argv
    sys_exit.o(.text) refers (Special) to use_no_semi.o(.text) for __I$use$semihosting
    sys_exit.o(.text) refers (Special) to indicate_semi.o(.text) for __semihosting_library_function
    _get_argv_nomalloc.o(.text) refers (Special) to hrguard.o(.text) for __heap_region$guard
    _get_argv_nomalloc.o(.text) refers to defsig_rtmem_outer.o(.text) for __rt_SIGRTMEM
    _get_argv_nomalloc.o(.text) refers to sys_command.o(.text) for _sys_command_string
    libshutdown.o(.ARM.Collect$$libshutdown$$00000000) refers (Special) to libshutdown2.o(.ARM.Collect$$libshutdown$$00000006) for __rt_lib_shutdown_fp_trap_1
    libshutdown.o(.ARM.Collect$$libshutdown$$00000000) refers (Special) to libshutdown2.o(.ARM.Collect$$libshutdown$$0000000E) for __rt_lib_shutdown_heap_1
    libshutdown.o(.ARM.Collect$$libshutdown$$00000000) refers (Special) to libshutdown2.o(.ARM.Collect$$libshutdown$$0000000F) for __rt_lib_shutdown_return
    libshutdown.o(.ARM.Collect$$libshutdown$$00000000) refers (Special) to libshutdown2.o(.ARM.Collect$$libshutdown$$00000009) for __rt_lib_shutdown_signal_1
    libshutdown.o(.ARM.Collect$$libshutdown$$00000000) refers (Special) to libshutdown2.o(.ARM.Collect$$libshutdown$$00000003) for __rt_lib_shutdown_stdio_1
    libshutdown.o(.ARM.Collect$$libshutdown$$00000000) refers (Special) to libshutdown2.o(.ARM.Collect$$libshutdown$$0000000B) for __rt_lib_shutdown_user_alloc_1
    sys_command.o(.text) refers (Special) to use_no_semi.o(.text) for __I$use$semihosting
    sys_command.o(.text) refers (Special) to indicate_semi.o(.text) for __semihosting_library_function
    defsig_rtmem_outer.o(.text) refers to defsig_rtmem_inner.o(.text) for __rt_SIGRTMEM_inner
    defsig_rtmem_outer.o(.text) refers to defsig_exit.o(.text) for __sig_exit
    defsig_rtmem_formal.o(.text) refers to rt_raise.o(.text) for __rt_raise
    rt_raise.o(.text) refers to __raise.o(.text) for __raise
    rt_raise.o(.text) refers to sys_exit.o(.text) for _sys_exit
    defsig_exit.o(.text) refers to sys_exit.o(.text) for _sys_exit
    defsig_rtmem_inner.o(.text) refers to defsig_general.o(.text) for __default_signal_display
    __raise.o(.text) refers to defsig.o(CL$$defsig) for __default_signal_handler
    defsig_general.o(.text) refers to sys_wrch.o(.text) for _ttywrch
    sys_wrch.o(.text) refers (Special) to use_no_semi.o(.text) for __I$use$semihosting
    sys_wrch.o(.text) refers (Special) to indicate_semi.o(.text) for __semihosting_library_function
    defsig.o(CL$$defsig) refers to defsig_rtmem_inner.o(.text) for __rt_SIGRTMEM_inner
    defsig_abrt_inner.o(.text) refers to defsig_general.o(.text) for __default_signal_display
    defsig_fpe_inner.o(.text) refers to defsig_general.o(.text) for __default_signal_display
    defsig_rtred_inner.o(.text) refers to defsig_general.o(.text) for __default_signal_display
    defsig_stak_inner.o(.text) refers to defsig_general.o(.text) for __default_signal_display
    defsig_pvfn_inner.o(.text) refers to defsig_general.o(.text) for __default_signal_display
    defsig_cppl_inner.o(.text) refers to defsig_general.o(.text) for __default_signal_display
    defsig_segv_inner.o(.text) refers to defsig_general.o(.text) for __default_signal_display
    defsig_other.o(.text) refers to defsig_general.o(.text) for __default_signal_display


==============================================================================

Removing Unused input sections from the image.

    Removing st7735.o(i.Output_Clear), (10 bytes).
    Removing st7735.o(i.Output_Color), (12 bytes).
    Removing st7735.o(i.Output_Init), (16 bytes).
    Removing st7735.o(i.Output_Off), (8 bytes).
    Removing st7735.o(i.Output_On), (8 bytes).
    Removing st7735.o(i.ST7735_Color565), (24 bytes).
    Removing st7735.o(i.ST7735_DrawBitmap), (288 bytes).
    Removing st7735.o(i.ST7735_DrawChar), (268 bytes).
    Removing st7735.o(i.ST7735_DrawCharS), (244 bytes).
    Removing st7735.o(i.ST7735_DrawFastHLine), (124 bytes).
    Removing st7735.o(i.ST7735_DrawString), (86 bytes).
    Removing st7735.o(i.ST7735_InitB), (40 bytes).
    Removing st7735.o(i.ST7735_InvertDisplay), (22 bytes).
    Removing st7735.o(i.ST7735_OutChar), (212 bytes).
    Removing st7735.o(i.ST7735_OutString), (24 bytes).
    Removing st7735.o(i.ST7735_OutUDec), (140 bytes).
    Removing st7735.o(i.ST7735_PlotBar), (88 bytes).
    Removing st7735.o(i.ST7735_PlotClear), (92 bytes).
    Removing st7735.o(i.ST7735_PlotLine), (264 bytes).
    Removing st7735.o(i.ST7735_PlotNext), (32 bytes).
    Removing st7735.o(i.ST7735_PlotNextErase), (64 bytes).
    Removing st7735.o(i.ST7735_PlotPoint), (152 bytes).
    Removing st7735.o(i.ST7735_PlotPoints), (172 bytes).
    Removing st7735.o(i.ST7735_PlotdBfs), (60 bytes).
    Removing st7735.o(i.ST7735_SetRotation), (212 bytes).
    Removing st7735.o(i.ST7735_SetTextColor), (12 bytes).
    Removing st7735.o(i.ST7735_SwapColor), (18 bytes).
    Removing st7735.o(i.ferror), (8 bytes).
    Removing st7735.o(i.fgetc), (6 bytes).
    Removing st7735.o(i.fillmessage), (72 bytes).
    Removing st7735.o(i.fputc), (16 bytes).
    Removing st7735.o(.bss), (12 bytes).
    Removing walking.o(i.car_animation), (200 bytes).
    Removing walking.o(i.face_animation), (216 bytes).
    Removing walking.o(i.waving_animation), (384 bytes).
    Removing systick.o(i.SysTick_Wait), (32 bytes).
    Removing systick.o(i.SysTick_Wait10ms), (28 bytes).
    Removing ir_demod.o(i.Init_PortA), (264 bytes).
    Removing uart.o(i.OutCRLF2), (16 bytes).
    Removing uart.o(i.UART2_InChar), (24 bytes).
    Removing uart.o(i.UART2_InCharNonBlocking), (28 bytes).
    Removing uart.o(i.UART2_InString), (66 bytes).
    Removing uart.o(i.UART2_InUDec), (76 bytes).
    Removing uart.o(i.UART2_OutChar), (24 bytes).
    Removing uart.o(i.UART2_OutString), (22 bytes).
    Removing uart.o(i.UART2_OutUDec), (42 bytes).
    Removing uart.o(i.UART_InChar), (24 bytes).
    Removing uart.o(i.UART_InString), (66 bytes).
    Removing uart.o(i.UART_InUDec), (76 bytes).
    Removing uart.o(i.UART_InUHex), (104 bytes).
    Removing uart.o(i.UART_OutUHex), (52 bytes).

51 unused section(s) (total 4550 bytes) removed from the image.

==============================================================================

Image Symbol Table

    Local Symbols

    Symbol Name                              Value     Ov Type        Size  Object(Section)

    RESET                                    0x00000000   Section      644  startup.o(RESET)
    ../clib/angel/boardlib.s                 0x00000000   Number         0  boardshut.o ABSOLUTE
    ../clib/angel/boardlib.s                 0x00000000   Number         0  boardinit3.o ABSOLUTE
    ../clib/angel/boardlib.s                 0x00000000   Number         0  boardinit1.o ABSOLUTE
    ../clib/angel/boardlib.s                 0x00000000   Number         0  boardinit2.o ABSOLUTE
    ../clib/angel/handlers.s                 0x00000000   Number         0  __scatter_zi.o ABSOLUTE
    ../clib/angel/handlers.s                 0x00000000   Number         0  __scatter_copy.o ABSOLUTE
    ../clib/angel/kernel.s                   0x00000000   Number         0  rtentry2.o ABSOLUTE
    ../clib/angel/kernel.s                   0x00000000   Number         0  rtentry.o ABSOLUTE
    ../clib/angel/kernel.s                   0x00000000   Number         0  rtentry4.o ABSOLUTE
    ../clib/angel/kernel.s                   0x00000000   Number         0  rtexit.o ABSOLUTE
    ../clib/angel/kernel.s                   0x00000000   Number         0  rtexit2.o ABSOLUTE
    ../clib/angel/rt.s                       0x00000000   Number         0  rt_raise.o ABSOLUTE
    ../clib/angel/rt.s                       0x00000000   Number         0  rt_errno_addr_intlibspace.o ABSOLUTE
    ../clib/angel/rt.s                       0x00000000   Number         0  rt_errno_addr.o ABSOLUTE
    ../clib/angel/scatter.s                  0x00000000   Number         0  __scatter.o ABSOLUTE
    ../clib/angel/startup.s                  0x00000000   Number         0  __main.o ABSOLUTE
    ../clib/angel/sys.s                      0x00000000   Number         0  indicate_semi.o ABSOLUTE
    ../clib/angel/sys.s                      0x00000000   Number         0  sys_stackheap_outer.o ABSOLUTE
    ../clib/angel/sys.s                      0x00000000   Number         0  libspace.o ABSOLUTE
    ../clib/angel/sys.s                      0x00000000   Number         0  use_no_semi.o ABSOLUTE
    ../clib/angel/sysapp.c                   0x00000000   Number         0  sys_exit.o ABSOLUTE
    ../clib/angel/sysapp.c                   0x00000000   Number         0  sys_command.o ABSOLUTE
    ../clib/angel/sysapp.c                   0x00000000   Number         0  sys_wrch.o ABSOLUTE
    ../clib/armsys.c                         0x00000000   Number         0  no_argv.o ABSOLUTE
    ../clib/armsys.c                         0x00000000   Number         0  argv_veneer.o ABSOLUTE
    ../clib/armsys.c                         0x00000000   Number         0  argv_veneer.o ABSOLUTE
    ../clib/armsys.c                         0x00000000   Number         0  _get_argv_nomalloc.o ABSOLUTE
    ../clib/fenv.c                           0x00000000   Number         0  _rserrno.o ABSOLUTE
    ../clib/heapalloc.c                      0x00000000   Number         0  hrguard.o ABSOLUTE
    ../clib/heapaux.c                        0x00000000   Number         0  heapauxi.o ABSOLUTE
    ../clib/libinit.s                        0x00000000   Number         0  libinit.o ABSOLUTE
    ../clib/libinit.s                        0x00000000   Number         0  libinit2.o ABSOLUTE
    ../clib/libinit.s                        0x00000000   Number         0  libshutdown2.o ABSOLUTE
    ../clib/libinit.s                        0x00000000   Number         0  libshutdown.o ABSOLUTE
    ../clib/signal.c                         0x00000000   Number         0  defsig_rtmem_formal.o ABSOLUTE
    ../clib/signal.c                         0x00000000   Number         0  defsig_other.o ABSOLUTE
    ../clib/signal.c                         0x00000000   Number         0  __raise.o ABSOLUTE
    ../clib/signal.c                         0x00000000   Number         0  defsig_pvfn_inner.o ABSOLUTE
    ../clib/signal.c                         0x00000000   Number         0  defsig_stak_inner.o ABSOLUTE
    ../clib/signal.c                         0x00000000   Number         0  defsig_fpe_inner.o ABSOLUTE
    ../clib/signal.c                         0x00000000   Number         0  defsig_abrt_inner.o ABSOLUTE
    ../clib/signal.c                         0x00000000   Number         0  defsig_segv_inner.o ABSOLUTE
    ../clib/signal.c                         0x00000000   Number         0  defsig_general.o ABSOLUTE
    ../clib/signal.c                         0x00000000   Number         0  defsig_rtred_inner.o ABSOLUTE
    ../clib/signal.c                         0x00000000   Number         0  defsig_rtmem_inner.o ABSOLUTE
    ../clib/signal.c                         0x00000000   Number         0  defsig_exit.o ABSOLUTE
    ../clib/signal.c                         0x00000000   Number         0  defsig_rtmem_outer.o ABSOLUTE
    ../clib/signal.c                         0x00000000   Number         0  defsig_cppl_inner.o ABSOLUTE
    ../clib/signal.s                         0x00000000   Number         0  defsig.o ABSOLUTE
    ../clib/stdlib.c                         0x00000000   Number         0  exit.o ABSOLUTE
    ../fplib/daddsub.s                       0x00000000   Number         0  daddsub_clz.o ABSOLUTE
    ../fplib/dcheck1.s                       0x00000000   Number         0  dcheck1.o ABSOLUTE
    ../fplib/dcmpi.s                         0x00000000   Number         0  dcmpi.o ABSOLUTE
    ../fplib/ddiv.s                          0x00000000   Number         0  ddiv.o ABSOLUTE
    ../fplib/dfix.s                          0x00000000   Number         0  dfix.o ABSOLUTE
    ../fplib/dflt.s                          0x00000000   Number         0  dflt_clz.o ABSOLUTE
    ../fplib/dleqf.s                         0x00000000   Number         0  dleqf.o ABSOLUTE
    ../fplib/dmul.s                          0x00000000   Number         0  dmul.o ABSOLUTE
    ../fplib/dnaninf.s                       0x00000000   Number         0  dnaninf.o ABSOLUTE
    ../fplib/dretinf.s                       0x00000000   Number         0  dretinf.o ABSOLUTE
    ../fplib/drleqf.s                        0x00000000   Number         0  drleqf.o ABSOLUTE
    ../fplib/dsqrt.s                         0x00000000   Number         0  dsqrt_umaal.o ABSOLUTE
    ../fplib/fpinit.s                        0x00000000   Number         0  fpinit.o ABSOLUTE
    ../fplib/retnan.s                        0x00000000   Number         0  retnan.o ABSOLUTE
    ../fplib/scalbn.s                        0x00000000   Number         0  scalbn.o ABSOLUTE
    ../fplib/trapv.s                         0x00000000   Number         0  trapv.o ABSOLUTE
    ../fplib/usenofp.s                       0x00000000   Number         0  usenofp.o ABSOLUTE
    ../mathlib/dunder.c                      0x00000000   Number         0  dunder.o ABSOLUTE
    ../mathlib/fpclassify.c                  0x00000000   Number         0  fpclassify.o ABSOLUTE
    ../mathlib/poly.c                        0x00000000   Number         0  poly.o ABSOLUTE
    ../mathlib/pow.c                         0x00000000   Number         0  pow_x.o ABSOLUTE
    ../mathlib/pow.c                         0x00000000   Number         0  pow.o ABSOLUTE
    ../mathlib/qnan.c                        0x00000000   Number         0  qnan.o ABSOLUTE
    ../mathlib/sqrt.c                        0x00000000   Number         0  sqrt.o ABSOLUTE
    ../mathlib/sqrt.c                        0x00000000   Number         0  sqrt_x.o ABSOLUTE
    IR_Demod.c                               0x00000000   Number         0  ir_demod.o ABSOLUTE
    PLL.c                                    0x00000000   Number         0  pll.o ABSOLUTE
    ST7735.c                                 0x00000000   Number         0  st7735.o ABSOLUTE
    SysTick.c                                0x00000000   Number         0  systick.o ABSOLUTE
    UART.c                                   0x00000000   Number         0  uart.o ABSOLUTE
    dc.s                                     0x00000000   Number         0  dc.o ABSOLUTE
    lab2_graphics.c                          0x00000000   Number         0  lab2_graphics.o ABSOLUTE
    startup.s                                0x00000000   Number         0  startup.o ABSOLUTE
    walking.c                                0x00000000   Number         0  walking.o ABSOLUTE
    waveforms.c                              0x00000000   Number         0  waveforms.o ABSOLUTE
    !!!main                                  0x00000284   Section        8  __main.o(!!!main)
    !!!scatter                               0x0000028c   Section       52  __scatter.o(!!!scatter)
    !!handler_copy                           0x000002c0   Section       26  __scatter_copy.o(!!handler_copy)
    !!handler_zi                             0x000002dc   Section       28  __scatter_zi.o(!!handler_zi)
    .ARM.Collect$$libinit$$00000000          0x000002f8   Section        2  libinit.o(.ARM.Collect$$libinit$$00000000)
    .ARM.Collect$$libinit$$00000002          0x000002fa   Section        0  libinit2.o(.ARM.Collect$$libinit$$00000002)
    .ARM.Collect$$libinit$$00000008          0x000002fa   Section        0  libinit2.o(.ARM.Collect$$libinit$$00000008)
    .ARM.Collect$$libinit$$0000000A          0x000002fa   Section        0  libinit2.o(.ARM.Collect$$libinit$$0000000A)
    .ARM.Collect$$libinit$$0000000C          0x000002fa   Section        0  libinit2.o(.ARM.Collect$$libinit$$0000000C)
    .ARM.Collect$$libinit$$0000000F          0x000002fa   Section        0  libinit2.o(.ARM.Collect$$libinit$$0000000F)
    .ARM.Collect$$libinit$$00000011          0x000002fa   Section        0  libinit2.o(.ARM.Collect$$libinit$$00000011)
    .ARM.Collect$$libinit$$00000013          0x000002fa   Section        0  libinit2.o(.ARM.Collect$$libinit$$00000013)
    .ARM.Collect$$libinit$$00000015          0x000002fa   Section        0  libinit2.o(.ARM.Collect$$libinit$$00000015)
    .ARM.Collect$$libinit$$00000017          0x000002fa   Section        0  libinit2.o(.ARM.Collect$$libinit$$00000017)
    .ARM.Collect$$libinit$$00000019          0x000002fa   Section        0  libinit2.o(.ARM.Collect$$libinit$$00000019)
    .ARM.Collect$$libinit$$0000001B          0x000002fa   Section        0  libinit2.o(.ARM.Collect$$libinit$$0000001B)
    .ARM.Collect$$libinit$$0000001D          0x000002fa   Section        0  libinit2.o(.ARM.Collect$$libinit$$0000001D)
    .ARM.Collect$$libinit$$0000001F          0x000002fa   Section        0  libinit2.o(.ARM.Collect$$libinit$$0000001F)
    .ARM.Collect$$libinit$$00000021          0x000002fa   Section        0  libinit2.o(.ARM.Collect$$libinit$$00000021)
    .ARM.Collect$$libinit$$00000023          0x000002fa   Section        0  libinit2.o(.ARM.Collect$$libinit$$00000023)
    .ARM.Collect$$libinit$$0000002A          0x000002fa   Section        0  libinit2.o(.ARM.Collect$$libinit$$0000002A)
    .ARM.Collect$$libinit$$0000002C          0x000002fa   Section        0  libinit2.o(.ARM.Collect$$libinit$$0000002C)
    .ARM.Collect$$libinit$$0000002E          0x000002fa   Section        0  libinit2.o(.ARM.Collect$$libinit$$0000002E)
    .ARM.Collect$$libinit$$00000030          0x000002fa   Section        0  libinit2.o(.ARM.Collect$$libinit$$00000030)
    .ARM.Collect$$libinit$$00000031          0x000002fa   Section        2  libinit2.o(.ARM.Collect$$libinit$$00000031)
    .ARM.Collect$$libshutdown$$00000000      0x000002fc   Section        2  libshutdown.o(.ARM.Collect$$libshutdown$$00000000)
    .ARM.Collect$$libshutdown$$00000003      0x000002fe   Section        0  libshutdown2.o(.ARM.Collect$$libshutdown$$00000003)
    .ARM.Collect$$libshutdown$$00000006      0x000002fe   Section        0  libshutdown2.o(.ARM.Collect$$libshutdown$$00000006)
    .ARM.Collect$$libshutdown$$00000009      0x000002fe   Section        0  libshutdown2.o(.ARM.Collect$$libshutdown$$00000009)
    .ARM.Collect$$libshutdown$$0000000B      0x000002fe   Section        0  libshutdown2.o(.ARM.Collect$$libshutdown$$0000000B)
    .ARM.Collect$$libshutdown$$0000000E      0x000002fe   Section        0  libshutdown2.o(.ARM.Collect$$libshutdown$$0000000E)
    .ARM.Collect$$libshutdown$$0000000F      0x000002fe   Section        2  libshutdown2.o(.ARM.Collect$$libshutdown$$0000000F)
    .ARM.Collect$$rtentry$$00000000          0x00000300   Section        0  rtentry.o(.ARM.Collect$$rtentry$$00000000)
    .ARM.Collect$$rtentry$$00000002          0x00000300   Section        0  rtentry2.o(.ARM.Collect$$rtentry$$00000002)
    .ARM.Collect$$rtentry$$00000004          0x00000300   Section        6  rtentry4.o(.ARM.Collect$$rtentry$$00000004)
    .ARM.Collect$$rtentry$$00000009          0x00000306   Section        0  rtentry2.o(.ARM.Collect$$rtentry$$00000009)
    .ARM.Collect$$rtentry$$0000000A          0x00000306   Section        4  rtentry2.o(.ARM.Collect$$rtentry$$0000000A)
    .ARM.Collect$$rtentry$$0000000C          0x0000030a   Section        0  rtentry2.o(.ARM.Collect$$rtentry$$0000000C)
    .ARM.Collect$$rtentry$$0000000D          0x0000030a   Section        8  rtentry2.o(.ARM.Collect$$rtentry$$0000000D)
    .ARM.Collect$$rtexit$$00000000           0x00000312   Section        2  rtexit.o(.ARM.Collect$$rtexit$$00000000)
    .ARM.Collect$$rtexit$$00000002           0x00000314   Section        0  rtexit2.o(.ARM.Collect$$rtexit$$00000002)
    .ARM.Collect$$rtexit$$00000003           0x00000314   Section        4  rtexit2.o(.ARM.Collect$$rtexit$$00000003)
    .ARM.Collect$$rtexit$$00000004           0x00000318   Section        6  rtexit2.o(.ARM.Collect$$rtexit$$00000004)
    .text                                    0x00000320   Section       48  startup.o(.text)
    .text                                    0x00000350   Section        0  heapauxi.o(.text)
    .text                                    0x00000356   Section        0  _rserrno.o(.text)
    .text                                    0x0000036c   Section        8  rt_errno_addr_intlibspace.o(.text)
    .text                                    0x00000374   Section        8  libspace.o(.text)
    .text                                    0x0000037c   Section       74  sys_stackheap_outer.o(.text)
    .text                                    0x000003c6   Section        0  exit.o(.text)
    .text                                    0x000003d4   Section        0  sys_exit.o(.text)
    .text                                    0x000003e0   Section        2  use_no_semi.o(.text)
    .text                                    0x000003e2   Section        0  indicate_semi.o(.text)
    i.Delay1ms                               0x000003e2   Section        0  st7735.o(i.Delay1ms)
    i.DelayWait10ms                          0x00000402   Section        0  walking.o(i.DelayWait10ms)
    i.GPIOPortE_Handler                      0x00000424   Section        0  lab2_graphics.o(i.GPIOPortE_Handler)
    i.GPIOPortF_Handler                      0x0000046c   Section        0  lab2_graphics.o(i.GPIOPortF_Handler)
    i.Init_PortB                             0x000004cc   Section        0  waveforms.o(i.Init_PortB)
    i.Init_PortE                             0x00000534   Section        0  ir_demod.o(i.Init_PortE)
    i.OutCRLF                                0x0000063c   Section        0  lab2_graphics.o(i.OutCRLF)
    i.PLL_Init                               0x0000064c   Section        0  pll.o(i.PLL_Init)
    i.PORTF_Init                             0x000006c8   Section        0  lab2_graphics.o(i.PORTF_Init)
    i.ST7735_DrawCircle                      0x00000804   Section        0  st7735.o(i.ST7735_DrawCircle)
    i.ST7735_DrawFastVLine                   0x000008fc   Section        0  st7735.o(i.ST7735_DrawFastVLine)
    i.ST7735_DrawLine                        0x00000978   Section        0  st7735.o(i.ST7735_DrawLine)
    i.ST7735_DrawPixel                       0x00000a44   Section        0  st7735.o(i.ST7735_DrawPixel)
    i.ST7735_FillCircle                      0x00000a8c   Section        0  st7735.o(i.ST7735_FillCircle)
    i.ST7735_FillRect                        0x00000b48   Section        0  st7735.o(i.ST7735_FillRect)
    i.ST7735_FillScreen                      0x00000bf4   Section        0  st7735.o(i.ST7735_FillScreen)
    i.ST7735_InitR                           0x00000c18   Section        0  st7735.o(i.ST7735_InitR)
    i.ST7735_SetCursor                       0x00000c94   Section        0  st7735.o(i.ST7735_SetCursor)
    i.ST7735_XYPlotMan                       0x00000cb4   Section        0  walking.o(i.ST7735_XYPlotMan)
    i.SysTick_Handler                        0x00000d44   Section        0  systick.o(i.SysTick_Handler)
    i.SysTick_Init                           0x00000e60   Section        0  systick.o(i.SysTick_Init)
    i.Timer0A_Handler                        0x00000e90   Section        0  lab2_graphics.o(i.Timer0A_Handler)
    i.Timer0_Init                            0x00000f28   Section        0  lab2_graphics.o(i.Timer0_Init)
    i.UART2_Init                             0x00000f84   Section        0  uart.o(i.UART2_Init)
    i.UART_Init                              0x0000104c   Section        0  uart.o(i.UART_Init)
    i.UART_OutChar                           0x000010e4   Section        0  uart.o(i.UART_OutChar)
    i.UART_OutString                         0x000010fc   Section        0  uart.o(i.UART_OutString)
    i.UART_OutUDec                           0x00001112   Section        0  uart.o(i.UART_OutUDec)
    i.__ARM_fpclassify                       0x0000113c   Section        0  fpclassify.o(i.__ARM_fpclassify)
    i.__kernel_poly                          0x00001164   Section        0  poly.o(i.__kernel_poly)
    i.__mathlib_dbl_underflow                0x00001210   Section        0  dunder.o(i.__mathlib_dbl_underflow)
    i.addressBinToDecimal                    0x00001220   Section        0  lab2_graphics.o(i.addressBinToDecimal)
    i.checkStartPulse                        0x000012ec   Section        0  lab2_graphics.o(i.checkStartPulse)
    i.clearWave                              0x00001364   Section        0  waveforms.o(i.clearWave)
    i.clear_animation                        0x0000137c   Section        0  walking.o(i.clear_animation)
    i.commandList                            0x00001386   Section        0  st7735.o(i.commandList)
    commandList                              0x00001387   Thumb Code    86  st7735.o(i.commandList)
    i.commonInit                             0x000013dc   Section        0  st7735.o(i.commonInit)
    commonInit                               0x000013dd   Thumb Code   340  st7735.o(i.commonInit)
    i.decodePacket                           0x00001560   Section        0  lab2_graphics.o(i.decodePacket)
    i.isSameDeviceNum                        0x000015e0   Section        0  lab2_graphics.o(i.isSameDeviceNum)
    i.main                                   0x0000160c   Section        0  lab2_graphics.o(i.main)
    i.pow                                    0x00001790   Section        0  pow.o(i.pow)
    i.pushColor                              0x00002170   Section        0  st7735.o(i.pushColor)
    pushColor                                0x00002171   Thumb Code    18  st7735.o(i.pushColor)
    i.running_animation                      0x00002184   Section        0  walking.o(i.running_animation)
    i.running_backwards_animation            0x00002274   Section        0  walking.o(i.running_backwards_animation)
    i.sawtoothWave                           0x00002364   Section        0  waveforms.o(i.sawtoothWave)
    i.setAddrWindow                          0x00002370   Section        0  st7735.o(i.setAddrWindow)
    setAddrWindow                            0x00002371   Thumb Code   106  st7735.o(i.setAddrWindow)
    i.sineWave                               0x000023e4   Section        0  waveforms.o(i.sineWave)
    i.sqrt                                   0x000023f8   Section        0  sqrt.o(i.sqrt)
    i.squareWave                             0x00002444   Section        0  waveforms.o(i.squareWave)
    i.triangleWave                           0x0000245c   Section        0  waveforms.o(i.triangleWave)
    i.walking_animation                      0x00002474   Section        0  walking.o(i.walking_animation)
    i.walking_backwards_animation            0x00002564   Section        0  walking.o(i.walking_backwards_animation)
    i.writecommand                           0x00002654   Section        0  st7735.o(i.writecommand)
    writecommand                             0x00002655   Thumb Code    40  st7735.o(i.writecommand)
    i.writedata                              0x00002684   Section        0  st7735.o(i.writedata)
    writedata                                0x00002685   Thumb Code    24  st7735.o(i.writedata)
    x$fpl$dadd                               0x000026a4   Section      336  daddsub_clz.o(x$fpl$dadd)
    _dadd1                                   0x000026b5   Thumb Code     0  daddsub_clz.o(x$fpl$dadd)
    x$fpl$dcheck1                            0x000027f4   Section       16  dcheck1.o(x$fpl$dcheck1)
    x$fpl$dcmpinf                            0x00002804   Section       24  dcmpi.o(x$fpl$dcmpinf)
    x$fpl$ddiv                               0x0000281c   Section      688  ddiv.o(x$fpl$ddiv)
    ddiv_entry                               0x00002823   Thumb Code     0  ddiv.o(x$fpl$ddiv)
    x$fpl$dfix                               0x00002acc   Section       94  dfix.o(x$fpl$dfix)
    x$fpl$dflt                               0x00002b2a   Section       46  dflt_clz.o(x$fpl$dflt)
    x$fpl$dleqf                              0x00002b58   Section      120  dleqf.o(x$fpl$dleqf)
    x$fpl$dmul                               0x00002bd0   Section      340  dmul.o(x$fpl$dmul)
    x$fpl$dnaninf                            0x00002d24   Section      156  dnaninf.o(x$fpl$dnaninf)
    x$fpl$dretinf                            0x00002dc0   Section       12  dretinf.o(x$fpl$dretinf)
    x$fpl$drleqf                             0x00002dcc   Section      108  drleqf.o(x$fpl$drleqf)
    x$fpl$drsb                               0x00002e38   Section       22  daddsub_clz.o(x$fpl$drsb)
    x$fpl$dsqrt                              0x00002e50   Section      408  dsqrt_umaal.o(x$fpl$dsqrt)
    x$fpl$dsub                               0x00002fe8   Section      468  daddsub_clz.o(x$fpl$dsub)
    _dsub1                                   0x00002ff9   Thumb Code     0  daddsub_clz.o(x$fpl$dsub)
    x$fpl$retnan                             0x000031bc   Section      100  retnan.o(x$fpl$retnan)
    x$fpl$scalbn                             0x00003220   Section       92  scalbn.o(x$fpl$scalbn)
    x$fpl$trapveneer                         0x0000327c   Section       48  trapv.o(x$fpl$trapveneer)
    .constdata                               0x000032ac   Section     2018  st7735.o(.constdata)
    x$fpl$usenofp                            0x000032ac   Section        0  usenofp.o(x$fpl$usenofp)
    Font                                     0x000032ac   Data        1275  st7735.o(.constdata)
    Bcmd                                     0x000037a7   Data         103  st7735.o(.constdata)
    Rcmd1                                    0x0000380e   Data          59  st7735.o(.constdata)
    Rcmd2green                               0x00003849   Data          13  st7735.o(.constdata)
    Rcmd2red                                 0x00003856   Data          13  st7735.o(.constdata)
    Rcmd3                                    0x00003863   Data          43  st7735.o(.constdata)
    .constdata                               0x00003a90   Section     1024  waveforms.o(.constdata)
    .constdata                               0x00003e90   Section      136  pow.o(.constdata)
    bp                                       0x00003e90   Data          16  pow.o(.constdata)
    dp_h                                     0x00003ea0   Data          16  pow.o(.constdata)
    dp_l                                     0x00003eb0   Data          16  pow.o(.constdata)
    L                                        0x00003ec0   Data          48  pow.o(.constdata)
    P                                        0x00003ef0   Data          40  pow.o(.constdata)
    .constdata                               0x00003f18   Section        8  qnan.o(.constdata)
    .data                                    0x20000000   Section       96  lab2_graphics.o(.data)
    .data                                    0x20000060   Section       44  st7735.o(.data)
    _width                                   0x2000006a   Data           2  st7735.o(.data)
    _height                                  0x2000006c   Data           2  st7735.o(.data)
    ColStart                                 0x20000074   Data           1  st7735.o(.data)
    RowStart                                 0x20000075   Data           1  st7735.o(.data)
    Rotation                                 0x20000076   Data           1  st7735.o(.data)
    TabColor                                 0x20000077   Data           1  st7735.o(.data)
    .data                                    0x2000008c   Section       20  walking.o(.data)
    .data                                    0x200000a0   Section        4  systick.o(.data)
    .bss                                     0x200000a4   Section     4200  lab2_graphics.o(.bss)
    .bss                                     0x2000110c   Section       96  libspace.o(.bss)
    HEAP                                     0x20001170   Section        0  startup.o(HEAP)
    STACK                                    0x20001170   Section     1024  startup.o(STACK)
    HeapMem                                  0x20001170   Data           0  startup.o(HEAP)
    StackMem                                 0x20001170   Data           0  startup.o(STACK)

    Global Symbols

    Symbol Name                              Value     Ov Type        Size  Object(Section)

    BuildAttributes$$THM_ISAv4$E$P$D$K$B$S$7EM$PE$A:L22UL41UL21$X:L11$S22US41US21$IEEE1$IW$USESV6$~STKCKD$USESV7$~SHL$OTIME$ROPI$IEEEX$EBA8$UX$STANDARDLIB$REQ8$PRES8$EABIv2 0x00000000   Number         0  anon$$obj.o ABSOLUTE
    __ARM_use_no_argv                        0x00000000   Number         0  lab2_graphics.o ABSOLUTE
    __Vectors                                0x00000000   Data           0  startup.o(RESET)
    __ARM_exceptions_init                     - Undefined Weak Reference
    __alloca_initialize                       - Undefined Weak Reference
    __cpp_initialize__aeabi_                  - Undefined Weak Reference
    __cxa_finalize                            - Undefined Weak Reference
    __rt_locale                               - Undefined Weak Reference
    __sigvec_lookup                           - Undefined Weak Reference
    _atexit_init                              - Undefined Weak Reference
    _call_atexit_fns                          - Undefined Weak Reference
    _clock_init                               - Undefined Weak Reference
    _fp_trap_init                             - Undefined Weak Reference
    _fp_trap_shutdown                         - Undefined Weak Reference
    _get_lc_collate                           - Undefined Weak Reference
    _get_lc_ctype                             - Undefined Weak Reference
    _get_lc_monetary                          - Undefined Weak Reference
    _get_lc_numeric                           - Undefined Weak Reference
    _get_lc_time                              - Undefined Weak Reference
    _getenv_init                              - Undefined Weak Reference
    _handle_redirection                       - Undefined Weak Reference
    _init_alloc                               - Undefined Weak Reference
    _init_user_alloc                          - Undefined Weak Reference
    _initio                                   - Undefined Weak Reference
    _rand_init                                - Undefined Weak Reference
    _signal_finish                            - Undefined Weak Reference
    _signal_init                              - Undefined Weak Reference
    _terminate_alloc                          - Undefined Weak Reference
    _terminate_user_alloc                     - Undefined Weak Reference
    _terminateio                              - Undefined Weak Reference
    Reset_Handler                            0x0000026d   Thumb Code     0  startup.o(RESET)
    NMI_Handler                              0x00000271   Thumb Code     2  startup.o(RESET)
    HardFault_Handler                        0x00000273   Thumb Code     2  startup.o(RESET)
    MemManage_Handler                        0x00000275   Thumb Code     2  startup.o(RESET)
    BusFault_Handler                         0x00000277   Thumb Code     2  startup.o(RESET)
    UsageFault_Handler                       0x00000279   Thumb Code     2  startup.o(RESET)
    SVC_Handler                              0x0000027b   Thumb Code     2  startup.o(RESET)
    DebugMon_Handler                         0x0000027d   Thumb Code     2  startup.o(RESET)
    PendSV_Handler                           0x0000027f   Thumb Code     2  startup.o(RESET)
    ADC0Seq0_Handler                         0x00000283   Thumb Code     0  startup.o(RESET)
    ADC0Seq1_Handler                         0x00000283   Thumb Code     0  startup.o(RESET)
    ADC0Seq2_Handler                         0x00000283   Thumb Code     0  startup.o(RESET)
    ADC0Seq3_Handler                         0x00000283   Thumb Code     0  startup.o(RESET)
    ADC1Seq0_Handler                         0x00000283   Thumb Code     0  startup.o(RESET)
    ADC1Seq1_Handler                         0x00000283   Thumb Code     0  startup.o(RESET)
    ADC1Seq2_Handler                         0x00000283   Thumb Code     0  startup.o(RESET)
    ADC1Seq3_Handler                         0x00000283   Thumb Code     0  startup.o(RESET)
    CAN0_Handler                             0x00000283   Thumb Code     0  startup.o(RESET)
    CAN1_Handler                             0x00000283   Thumb Code     0  startup.o(RESET)
    CAN2_Handler                             0x00000283   Thumb Code     0  startup.o(RESET)
    Comp0_Handler                            0x00000283   Thumb Code     0  startup.o(RESET)
    Comp1_Handler                            0x00000283   Thumb Code     0  startup.o(RESET)
    Comp2_Handler                            0x00000283   Thumb Code     0  startup.o(RESET)
    Ethernet_Handler                         0x00000283   Thumb Code     0  startup.o(RESET)
    ExtBus_Handler                           0x00000283   Thumb Code     0  startup.o(RESET)
    FPU_Handler                              0x00000283   Thumb Code     0  startup.o(RESET)
    Fan0_Handler                             0x00000283   Thumb Code     0  startup.o(RESET)
    FlashCtl_Handler                         0x00000283   Thumb Code     0  startup.o(RESET)
    GPIOPortA_Handler                        0x00000283   Thumb Code     0  startup.o(RESET)
    GPIOPortB_Handler                        0x00000283   Thumb Code     0  startup.o(RESET)
    GPIOPortC_Handler                        0x00000283   Thumb Code     0  startup.o(RESET)
    GPIOPortD_Handler                        0x00000283   Thumb Code     0  startup.o(RESET)
    GPIOPortG_Handler                        0x00000283   Thumb Code     0  startup.o(RESET)
    GPIOPortH_Handler                        0x00000283   Thumb Code     0  startup.o(RESET)
    GPIOPortJ_Handler                        0x00000283   Thumb Code     0  startup.o(RESET)
    GPIOPortK_Handler                        0x00000283   Thumb Code     0  startup.o(RESET)
    GPIOPortL_Handler                        0x00000283   Thumb Code     0  startup.o(RESET)
    GPIOPortM_Handler                        0x00000283   Thumb Code     0  startup.o(RESET)
    GPIOPortN_Handler                        0x00000283   Thumb Code     0  startup.o(RESET)
    GPIOPortP1_Handler                       0x00000283   Thumb Code     0  startup.o(RESET)
    GPIOPortP2_Handler                       0x00000283   Thumb Code     0  startup.o(RESET)
    GPIOPortP3_Handler                       0x00000283   Thumb Code     0  startup.o(RESET)
    GPIOPortP4_Handler                       0x00000283   Thumb Code     0  startup.o(RESET)
    GPIOPortP5_Handler                       0x00000283   Thumb Code     0  startup.o(RESET)
    GPIOPortP6_Handler                       0x00000283   Thumb Code     0  startup.o(RESET)
    GPIOPortP7_Handler                       0x00000283   Thumb Code     0  startup.o(RESET)
    GPIOPortP_Handler                        0x00000283   Thumb Code     0  startup.o(RESET)
    GPIOPortQ1_Handler                       0x00000283   Thumb Code     0  startup.o(RESET)
    GPIOPortQ2_Handler                       0x00000283   Thumb Code     0  startup.o(RESET)
    GPIOPortQ3_Handler                       0x00000283   Thumb Code     0  startup.o(RESET)
    GPIOPortQ4_Handler                       0x00000283   Thumb Code     0  startup.o(RESET)
    GPIOPortQ5_Handler                       0x00000283   Thumb Code     0  startup.o(RESET)
    GPIOPortQ6_Handler                       0x00000283   Thumb Code     0  startup.o(RESET)
    GPIOPortQ7_Handler                       0x00000283   Thumb Code     0  startup.o(RESET)
    GPIOPortQ_Handler                        0x00000283   Thumb Code     0  startup.o(RESET)
    GPIOPortR_Handler                        0x00000283   Thumb Code     0  startup.o(RESET)
    GPIOPortS_Handler                        0x00000283   Thumb Code     0  startup.o(RESET)
    Hibernate_Handler                        0x00000283   Thumb Code     0  startup.o(RESET)
    I2C0_Handler                             0x00000283   Thumb Code     0  startup.o(RESET)
    I2C1_Handler                             0x00000283   Thumb Code     0  startup.o(RESET)
    I2C2_Handler                             0x00000283   Thumb Code     0  startup.o(RESET)
    I2C3_Handler                             0x00000283   Thumb Code     0  startup.o(RESET)
    I2C4_Handler                             0x00000283   Thumb Code     0  startup.o(RESET)
    I2C5_Handler                             0x00000283   Thumb Code     0  startup.o(RESET)
    I2S0_Handler                             0x00000283   Thumb Code     0  startup.o(RESET)
    LPC0_Handler                             0x00000283   Thumb Code     0  startup.o(RESET)
    PECI0_Handler                            0x00000283   Thumb Code     0  startup.o(RESET)
    PWM0Fault_Handler                        0x00000283   Thumb Code     0  startup.o(RESET)
    PWM0Generator0_Handler                   0x00000283   Thumb Code     0  startup.o(RESET)
    PWM0Generator1_Handler                   0x00000283   Thumb Code     0  startup.o(RESET)
    PWM0Generator2_Handler                   0x00000283   Thumb Code     0  startup.o(RESET)
    PWM0Generator3_Handler                   0x00000283   Thumb Code     0  startup.o(RESET)
    PWM1Fault_Handler                        0x00000283   Thumb Code     0  startup.o(RESET)
    PWM1Generator0_Handler                   0x00000283   Thumb Code     0  startup.o(RESET)
    PWM1Generator1_Handler                   0x00000283   Thumb Code     0  startup.o(RESET)
    PWM1Generator2_Handler                   0x00000283   Thumb Code     0  startup.o(RESET)
    PWM1Generator3_Handler                   0x00000283   Thumb Code     0  startup.o(RESET)
    Quadrature0_Handler                      0x00000283   Thumb Code     0  startup.o(RESET)
    Quadrature1_Handler                      0x00000283   Thumb Code     0  startup.o(RESET)
    Quadrature2_Handler                      0x00000283   Thumb Code     0  startup.o(RESET)
    SSI0_Handler                             0x00000283   Thumb Code     0  startup.o(RESET)
    SSI1_Handler                             0x00000283   Thumb Code     0  startup.o(RESET)
    SSI2_Handler                             0x00000283   Thumb Code     0  startup.o(RESET)
    SSI3_Handler                             0x00000283   Thumb Code     0  startup.o(RESET)
    SysCtl_Handler                           0x00000283   Thumb Code     0  startup.o(RESET)
    Timer0B_Handler                          0x00000283   Thumb Code     0  startup.o(RESET)
    Timer1A_Handler                          0x00000283   Thumb Code     0  startup.o(RESET)
    Timer1B_Handler                          0x00000283   Thumb Code     0  startup.o(RESET)
    Timer2A_Handler                          0x00000283   Thumb Code     0  startup.o(RESET)
    Timer2B_Handler                          0x00000283   Thumb Code     0  startup.o(RESET)
    Timer3A_Handler                          0x00000283   Thumb Code     0  startup.o(RESET)
    Timer3B_Handler                          0x00000283   Thumb Code     0  startup.o(RESET)
    Timer4A_Handler                          0x00000283   Thumb Code     0  startup.o(RESET)
    Timer4B_Handler                          0x00000283   Thumb Code     0  startup.o(RESET)
    Timer5A_Handler                          0x00000283   Thumb Code     0  startup.o(RESET)
    Timer5B_Handler                          0x00000283   Thumb Code     0  startup.o(RESET)
    UART0_Handler                            0x00000283   Thumb Code     0  startup.o(RESET)
    UART1_Handler                            0x00000283   Thumb Code     0  startup.o(RESET)
    UART2_Handler                            0x00000283   Thumb Code     0  startup.o(RESET)
    UART3_Handler                            0x00000283   Thumb Code     0  startup.o(RESET)
    UART4_Handler                            0x00000283   Thumb Code     0  startup.o(RESET)
    UART5_Handler                            0x00000283   Thumb Code     0  startup.o(RESET)
    UART6_Handler                            0x00000283   Thumb Code     0  startup.o(RESET)
    UART7_Handler                            0x00000283   Thumb Code     0  startup.o(RESET)
    USB0_Handler                             0x00000283   Thumb Code     0  startup.o(RESET)
    WDT_Handler                              0x00000283   Thumb Code     0  startup.o(RESET)
    WideTimer0A_Handler                      0x00000283   Thumb Code     0  startup.o(RESET)
    WideTimer0B_Handler                      0x00000283   Thumb Code     0  startup.o(RESET)
    WideTimer1A_Handler                      0x00000283   Thumb Code     0  startup.o(RESET)
    WideTimer1B_Handler                      0x00000283   Thumb Code     0  startup.o(RESET)
    WideTimer2A_Handler                      0x00000283   Thumb Code     0  startup.o(RESET)
    WideTimer2B_Handler                      0x00000283   Thumb Code     0  startup.o(RESET)
    WideTimer3A_Handler                      0x00000283   Thumb Code     0  startup.o(RESET)
    WideTimer3B_Handler                      0x00000283   Thumb Code     0  startup.o(RESET)
    WideTimer4A_Handler                      0x00000283   Thumb Code     0  startup.o(RESET)
    WideTimer4B_Handler                      0x00000283   Thumb Code     0  startup.o(RESET)
    WideTimer5A_Handler                      0x00000283   Thumb Code     0  startup.o(RESET)
    WideTimer5B_Handler                      0x00000283   Thumb Code     0  startup.o(RESET)
    uDMA_Error                               0x00000283   Thumb Code     0  startup.o(RESET)
    uDMA_Handler                             0x00000283   Thumb Code     0  startup.o(RESET)
    __main                                   0x00000285   Thumb Code     8  __main.o(!!!main)
    __scatterload                            0x0000028d   Thumb Code     0  __scatter.o(!!!scatter)
    __scatterload_rt2                        0x0000028d   Thumb Code    44  __scatter.o(!!!scatter)
    __scatterload_rt2_thumb_only             0x0000028d   Thumb Code     0  __scatter.o(!!!scatter)
    __scatterload_null                       0x0000029b   Thumb Code     0  __scatter.o(!!!scatter)
    __scatterload_copy                       0x000002c1   Thumb Code    26  __scatter_copy.o(!!handler_copy)
    __scatterload_zeroinit                   0x000002dd   Thumb Code    28  __scatter_zi.o(!!handler_zi)
    __rt_lib_init                            0x000002f9   Thumb Code     0  libinit.o(.ARM.Collect$$libinit$$00000000)
    __rt_lib_init_alloca_1                   0x000002fb   Thumb Code     0  libinit2.o(.ARM.Collect$$libinit$$0000002C)
    __rt_lib_init_argv_1                     0x000002fb   Thumb Code     0  libinit2.o(.ARM.Collect$$libinit$$0000002A)
    __rt_lib_init_atexit_1                   0x000002fb   Thumb Code     0  libinit2.o(.ARM.Collect$$libinit$$00000019)
    __rt_lib_init_clock_1                    0x000002fb   Thumb Code     0  libinit2.o(.ARM.Collect$$libinit$$0000001F)
    __rt_lib_init_cpp_1                      0x000002fb   Thumb Code     0  libinit2.o(.ARM.Collect$$libinit$$00000030)
    __rt_lib_init_exceptions_1               0x000002fb   Thumb Code     0  libinit2.o(.ARM.Collect$$libinit$$0000002E)
    __rt_lib_init_fp_1                       0x000002fb   Thumb Code     0  libinit2.o(.ARM.Collect$$libinit$$00000002)
    __rt_lib_init_fp_trap_1                  0x000002fb   Thumb Code     0  libinit2.o(.ARM.Collect$$libinit$$0000001D)
    __rt_lib_init_getenv_1                   0x000002fb   Thumb Code     0  libinit2.o(.ARM.Collect$$libinit$$00000021)
    __rt_lib_init_heap_1                     0x000002fb   Thumb Code     0  libinit2.o(.ARM.Collect$$libinit$$00000008)
    __rt_lib_init_lc_collate_1               0x000002fb   Thumb Code     0  libinit2.o(.ARM.Collect$$libinit$$0000000F)
    __rt_lib_init_lc_ctype_1                 0x000002fb   Thumb Code     0  libinit2.o(.ARM.Collect$$libinit$$00000011)
    __rt_lib_init_lc_monetary_1              0x000002fb   Thumb Code     0  libinit2.o(.ARM.Collect$$libinit$$00000013)
    __rt_lib_init_lc_numeric_1               0x000002fb   Thumb Code     0  libinit2.o(.ARM.Collect$$libinit$$00000015)
    __rt_lib_init_lc_time_1                  0x000002fb   Thumb Code     0  libinit2.o(.ARM.Collect$$libinit$$00000017)
    __rt_lib_init_rand_1                     0x000002fb   Thumb Code     0  libinit2.o(.ARM.Collect$$libinit$$0000000C)
    __rt_lib_init_return                     0x000002fb   Thumb Code     0  libinit2.o(.ARM.Collect$$libinit$$00000031)
    __rt_lib_init_signal_1                   0x000002fb   Thumb Code     0  libinit2.o(.ARM.Collect$$libinit$$0000001B)
    __rt_lib_init_stdio_1                    0x000002fb   Thumb Code     0  libinit2.o(.ARM.Collect$$libinit$$00000023)
    __rt_lib_init_user_alloc_1               0x000002fb   Thumb Code     0  libinit2.o(.ARM.Collect$$libinit$$0000000A)
    __rt_lib_shutdown                        0x000002fd   Thumb Code     0  libshutdown.o(.ARM.Collect$$libshutdown$$00000000)
    __rt_lib_shutdown_fp_trap_1              0x000002ff   Thumb Code     0  libshutdown2.o(.ARM.Collect$$libshutdown$$00000006)
    __rt_lib_shutdown_heap_1                 0x000002ff   Thumb Code     0  libshutdown2.o(.ARM.Collect$$libshutdown$$0000000E)
    __rt_lib_shutdown_return                 0x000002ff   Thumb Code     0  libshutdown2.o(.ARM.Collect$$libshutdown$$0000000F)
    __rt_lib_shutdown_signal_1               0x000002ff   Thumb Code     0  libshutdown2.o(.ARM.Collect$$libshutdown$$00000009)
    __rt_lib_shutdown_stdio_1                0x000002ff   Thumb Code     0  libshutdown2.o(.ARM.Collect$$libshutdown$$00000003)
    __rt_lib_shutdown_user_alloc_1           0x000002ff   Thumb Code     0  libshutdown2.o(.ARM.Collect$$libshutdown$$0000000B)
    __rt_entry                               0x00000301   Thumb Code     0  rtentry.o(.ARM.Collect$$rtentry$$00000000)
    __rt_entry_presh_1                       0x00000301   Thumb Code     0  rtentry2.o(.ARM.Collect$$rtentry$$00000002)
    __rt_entry_sh                            0x00000301   Thumb Code     0  rtentry4.o(.ARM.Collect$$rtentry$$00000004)
    __rt_entry_li                            0x00000307   Thumb Code     0  rtentry2.o(.ARM.Collect$$rtentry$$0000000A)
    __rt_entry_postsh_1                      0x00000307   Thumb Code     0  rtentry2.o(.ARM.Collect$$rtentry$$00000009)
    __rt_entry_main                          0x0000030b   Thumb Code     0  rtentry2.o(.ARM.Collect$$rtentry$$0000000D)
    __rt_entry_postli_1                      0x0000030b   Thumb Code     0  rtentry2.o(.ARM.Collect$$rtentry$$0000000C)
    __rt_exit                                0x00000313   Thumb Code     0  rtexit.o(.ARM.Collect$$rtexit$$00000000)
    __rt_exit_ls                             0x00000315   Thumb Code     0  rtexit2.o(.ARM.Collect$$rtexit$$00000003)
    __rt_exit_prels_1                        0x00000315   Thumb Code     0  rtexit2.o(.ARM.Collect$$rtexit$$00000002)
    __rt_exit_exit                           0x00000319   Thumb Code     0  rtexit2.o(.ARM.Collect$$rtexit$$00000004)
    DisableInterrupts                        0x00000321   Thumb Code     0  startup.o(.text)
    EnableInterrupts                         0x00000325   Thumb Code     0  startup.o(.text)
    StartCritical                            0x00000329   Thumb Code     0  startup.o(.text)
    EndCritical                              0x00000331   Thumb Code     0  startup.o(.text)
    WaitForInterrupt                         0x00000337   Thumb Code     0  startup.o(.text)
    __user_initial_stackheap                 0x0000033b   Thumb Code     0  startup.o(.text)
    __use_two_region_memory                  0x00000351   Thumb Code     2  heapauxi.o(.text)
    __rt_heap_escrow$2region                 0x00000353   Thumb Code     2  heapauxi.o(.text)
    __rt_heap_expand$2region                 0x00000355   Thumb Code     2  heapauxi.o(.text)
    __read_errno                             0x00000357   Thumb Code    10  _rserrno.o(.text)
    __set_errno                              0x00000361   Thumb Code    12  _rserrno.o(.text)
    __aeabi_errno_addr                       0x0000036d   Thumb Code     8  rt_errno_addr_intlibspace.o(.text)
    __errno$intlibspace                      0x0000036d   Thumb Code     0  rt_errno_addr_intlibspace.o(.text)
    __rt_errno_addr$intlibspace              0x0000036d   Thumb Code     0  rt_errno_addr_intlibspace.o(.text)
    __user_libspace                          0x00000375   Thumb Code     8  libspace.o(.text)
    __user_perproc_libspace                  0x00000375   Thumb Code     0  libspace.o(.text)
    __user_perthread_libspace                0x00000375   Thumb Code     0  libspace.o(.text)
    __user_setup_stackheap                   0x0000037d   Thumb Code    74  sys_stackheap_outer.o(.text)
    exit                                     0x000003c7   Thumb Code    12  exit.o(.text)
    _sys_exit                                0x000003d5   Thumb Code     8  sys_exit.o(.text)
    __I$use$semihosting                      0x000003e1   Thumb Code     0  use_no_semi.o(.text)
    __use_no_semihosting_swi                 0x000003e1   Thumb Code     2  use_no_semi.o(.text)
    Delay1ms                                 0x000003e3   Thumb Code    32  st7735.o(i.Delay1ms)
    __semihosting_library_function           0x000003e3   Thumb Code     0  indicate_semi.o(.text)
    DelayWait10ms                            0x00000403   Thumb Code    32  walking.o(i.DelayWait10ms)
    GPIOPortE_Handler                        0x00000425   Thumb Code    52  lab2_graphics.o(i.GPIOPortE_Handler)
    GPIOPortF_Handler                        0x0000046d   Thumb Code    84  lab2_graphics.o(i.GPIOPortF_Handler)
    Init_PortB                               0x000004cd   Thumb Code    80  waveforms.o(i.Init_PortB)
    Init_PortE                               0x00000535   Thumb Code   216  ir_demod.o(i.Init_PortE)
    OutCRLF                                  0x0000063d   Thumb Code    16  lab2_graphics.o(i.OutCRLF)
    PLL_Init                                 0x0000064d   Thumb Code   118  pll.o(i.PLL_Init)
    PORTF_Init                               0x000006c9   Thumb Code   258  lab2_graphics.o(i.PORTF_Init)
    ST7735_DrawCircle                        0x00000805   Thumb Code   246  st7735.o(i.ST7735_DrawCircle)
    ST7735_DrawFastVLine                     0x000008fd   Thumb Code   116  st7735.o(i.ST7735_DrawFastVLine)
    ST7735_DrawLine                          0x00000979   Thumb Code   202  st7735.o(i.ST7735_DrawLine)
    ST7735_DrawPixel                         0x00000a45   Thumb Code    64  st7735.o(i.ST7735_DrawPixel)
    ST7735_FillCircle                        0x00000a8d   Thumb Code   186  st7735.o(i.ST7735_FillCircle)
    ST7735_FillRect                          0x00000b49   Thumb Code   164  st7735.o(i.ST7735_FillRect)
    ST7735_FillScreen                        0x00000bf5   Thumb Code    28  st7735.o(i.ST7735_FillScreen)
    ST7735_InitR                             0x00000c19   Thumb Code    90  st7735.o(i.ST7735_InitR)
    ST7735_SetCursor                         0x00000c95   Thumb Code    22  st7735.o(i.ST7735_SetCursor)
    ST7735_XYPlotMan                         0x00000cb5   Thumb Code   142  walking.o(i.ST7735_XYPlotMan)
    SysTick_Handler                          0x00000d45   Thumb Code   262  systick.o(i.SysTick_Handler)
    SysTick_Init                             0x00000e61   Thumb Code    42  systick.o(i.SysTick_Init)
    Timer0A_Handler                          0x00000e91   Thumb Code   116  lab2_graphics.o(i.Timer0A_Handler)
    Timer0_Init                              0x00000f29   Thumb Code    74  lab2_graphics.o(i.Timer0_Init)
    UART2_Init                               0x00000f85   Thumb Code   158  uart.o(i.UART2_Init)
    UART_Init                                0x0000104d   Thumb Code   126  uart.o(i.UART_Init)
    UART_OutChar                             0x000010e5   Thumb Code    18  uart.o(i.UART_OutChar)
    UART_OutString                           0x000010fd   Thumb Code    22  uart.o(i.UART_OutString)
    UART_OutUDec                             0x00001113   Thumb Code    42  uart.o(i.UART_OutUDec)
    __ARM_fpclassify                         0x0000113d   Thumb Code    40  fpclassify.o(i.__ARM_fpclassify)
    __kernel_poly                            0x00001165   Thumb Code   170  poly.o(i.__kernel_poly)
    __mathlib_dbl_underflow                  0x00001211   Thumb Code    10  dunder.o(i.__mathlib_dbl_underflow)
    addressBinToDecimal                      0x00001221   Thumb Code   202  lab2_graphics.o(i.addressBinToDecimal)
    checkStartPulse                          0x000012ed   Thumb Code    52  lab2_graphics.o(i.checkStartPulse)
    clearWave                                0x00001365   Thumb Code    16  waveforms.o(i.clearWave)
    clear_animation                          0x0000137d   Thumb Code    10  walking.o(i.clear_animation)
    decodePacket                             0x00001561   Thumb Code    90  lab2_graphics.o(i.decodePacket)
    isSameDeviceNum                          0x000015e1   Thumb Code    30  lab2_graphics.o(i.isSameDeviceNum)
    main                                     0x0000160d   Thumb Code   354  lab2_graphics.o(i.main)
    pow                                      0x00001791   Thumb Code  2510  pow.o(i.pow)
    running_animation                        0x00002185   Thumb Code   222  walking.o(i.running_animation)
    running_backwards_animation              0x00002275   Thumb Code   222  walking.o(i.running_backwards_animation)
    sawtoothWave                             0x00002365   Thumb Code     6  waveforms.o(i.sawtoothWave)
    sineWave                                 0x000023e5   Thumb Code    12  waveforms.o(i.sineWave)
    sqrt                                     0x000023f9   Thumb Code    76  sqrt.o(i.sqrt)
    squareWave                               0x00002445   Thumb Code    20  waveforms.o(i.squareWave)
    triangleWave                             0x0000245d   Thumb Code    20  waveforms.o(i.triangleWave)
    walking_animation                        0x00002475   Thumb Code   222  walking.o(i.walking_animation)
    walking_backwards_animation              0x00002565   Thumb Code   222  walking.o(i.walking_backwards_animation)
    __aeabi_dadd                             0x000026a5   Thumb Code     0  daddsub_clz.o(x$fpl$dadd)
    _dadd                                    0x000026a5   Thumb Code   332  daddsub_clz.o(x$fpl$dadd)
    __fpl_dcheck_NaN1                        0x000027f5   Thumb Code    10  dcheck1.o(x$fpl$dcheck1)
    __fpl_dcmp_Inf                           0x00002805   Thumb Code    24  dcmpi.o(x$fpl$dcmpinf)
    __aeabi_ddiv                             0x0000281d   Thumb Code     0  ddiv.o(x$fpl$ddiv)
    _ddiv                                    0x0000281d   Thumb Code   552  ddiv.o(x$fpl$ddiv)
    __aeabi_d2iz                             0x00002acd   Thumb Code     0  dfix.o(x$fpl$dfix)
    _dfix                                    0x00002acd   Thumb Code    94  dfix.o(x$fpl$dfix)
    __aeabi_i2d                              0x00002b2b   Thumb Code     0  dflt_clz.o(x$fpl$dflt)
    _dflt                                    0x00002b2b   Thumb Code    46  dflt_clz.o(x$fpl$dflt)
    __aeabi_cdcmple                          0x00002b59   Thumb Code     0  dleqf.o(x$fpl$dleqf)
    _dcmple                                  0x00002b59   Thumb Code   120  dleqf.o(x$fpl$dleqf)
    __fpl_dcmple_InfNaN                      0x00002bbb   Thumb Code     0  dleqf.o(x$fpl$dleqf)
    __aeabi_dmul                             0x00002bd1   Thumb Code     0  dmul.o(x$fpl$dmul)
    _dmul                                    0x00002bd1   Thumb Code   332  dmul.o(x$fpl$dmul)
    __fpl_dnaninf                            0x00002d25   Thumb Code   156  dnaninf.o(x$fpl$dnaninf)
    __fpl_dretinf                            0x00002dc1   Thumb Code    12  dretinf.o(x$fpl$dretinf)
    __aeabi_cdrcmple                         0x00002dcd   Thumb Code     0  drleqf.o(x$fpl$drleqf)
    _drcmple                                 0x00002dcd   Thumb Code   108  drleqf.o(x$fpl$drleqf)
    __aeabi_drsub                            0x00002e39   Thumb Code     0  daddsub_clz.o(x$fpl$drsb)
    _drsb                                    0x00002e39   Thumb Code    22  daddsub_clz.o(x$fpl$drsb)
    _dsqrt                                   0x00002e51   Thumb Code   404  dsqrt_umaal.o(x$fpl$dsqrt)
    __aeabi_dsub                             0x00002fe9   Thumb Code     0  daddsub_clz.o(x$fpl$dsub)
    _dsub                                    0x00002fe9   Thumb Code   464  daddsub_clz.o(x$fpl$dsub)
    __fpl_return_NaN                         0x000031bd   Thumb Code   100  retnan.o(x$fpl$retnan)
    __ARM_scalbn                             0x00003221   Thumb Code    92  scalbn.o(x$fpl$scalbn)
    __fpl_cmpreturn                          0x0000327d   Thumb Code    48  trapv.o(x$fpl$trapveneer)
    __I$use$fp                               0x000032ac   Number         0  usenofp.o(x$fpl$usenofp)
    dBfs                                     0x0000388e   Data         512  st7735.o(.constdata)
    sineTable                                0x00003a90   Data        1024  waveforms.o(.constdata)
    __mathlib_zero                           0x00003f18   Data           8  qnan.o(.constdata)
    Region$$Table$$Base                      0x00003f20   Number         0  anon$$obj.o(Region$$Table)
    Region$$Table$$Limit                     0x00003f40   Number         0  anon$$obj.o(Region$$Table)
    frequency                                0x20000000   Data           4  lab2_graphics.o(.data)
    running                                  0x20000004   Data           4  lab2_graphics.o(.data)
    startPulseDetected                       0x20000008   Data           4  lab2_graphics.o(.data)
    packet                                   0x2000000c   Data          20  lab2_graphics.o(.data)
    new_packet                               0x20000020   Data           4  lab2_graphics.o(.data)
    packet_element                           0x20000024   Data           4  lab2_graphics.o(.data)
    loop_1                                   0x20000028   Data           4  lab2_graphics.o(.data)
    testingFlag                              0x2000002c   Data           4  lab2_graphics.o(.data)
    firstTime                                0x20000030   Data           4  lab2_graphics.o(.data)
    arrayFull                                0x20000034   Data           4  lab2_graphics.o(.data)
    done                                     0x20000038   Data           4  lab2_graphics.o(.data)
    current_device_number                    0x2000003c   Data           4  lab2_graphics.o(.data)
    previous_current_device_number           0x20000040   Data           4  lab2_graphics.o(.data)
    last_status                              0x20000044   Data           4  lab2_graphics.o(.data)
    input_device_number                      0x20000048   Data           4  lab2_graphics.o(.data)
    isSameDevice                             0x2000004c   Data           4  lab2_graphics.o(.data)
    loop_0                                   0x20000050   Data           4  lab2_graphics.o(.data)
    packet_array_element                     0x20000054   Data           4  lab2_graphics.o(.data)
    status                                   0x20000058   Data           4  lab2_graphics.o(.data)
    is_setup                                 0x2000005c   Data           4  lab2_graphics.o(.data)
    StX                                      0x20000060   Data           4  st7735.o(.data)
    StY                                      0x20000064   Data           4  st7735.o(.data)
    StTextColor                              0x20000068   Data           2  st7735.o(.data)
    lastj                                    0x20000070   Data           4  st7735.o(.data)
    Messageindex                             0x20000078   Data           4  st7735.o(.data)
    Ymax                                     0x2000007c   Data           4  st7735.o(.data)
    Ymin                                     0x20000080   Data           4  st7735.o(.data)
    X                                        0x20000084   Data           4  st7735.o(.data)
    Yrange                                   0x20000088   Data           4  st7735.o(.data)
    x                                        0x2000008c   Data           4  walking.o(.data)
    ht                                       0x20000090   Data           4  walking.o(.data)
    l                                        0x20000094   Data           4  walking.o(.data)
    h                                        0x20000098   Data           4  walking.o(.data)
    j                                        0x2000009c   Data           4  walking.o(.data)
    frequency_count                          0x200000a0   Data           4  systick.o(.data)
    packetArray                              0x200000a4   Data        4200  lab2_graphics.o(.bss)
    __libspace_start                         0x2000110c   Data          96  libspace.o(.bss)
    __temporary_stack_top$libspace           0x2000116c   Data           0  libspace.o(.bss)



==============================================================================

Memory Map of the image

  Image Entry point : 0x0000026d

  Load Region LR_1 (Base: 0x00000000, Size: 0x00003fe4, Max: 0xffffffff, ABSOLUTE)

    Execution Region ER_RO (Base: 0x00000000, Size: 0x00003f40, Max: 0xffffffff, ABSOLUTE)

    Base Addr    Size         Type   Attr      Idx    E Section Name        Object

    0x00000000   0x00000284   Code   RO            3  * RESET               startup.o
    0x00000284   0x00000008   Code   RO          708  * !!!main             c_w.l(__main.o)
    0x0000028c   0x00000034   Code   RO          937    !!!scatter          c_w.l(__scatter.o)
    0x000002c0   0x0000001a   Code   RO          939    !!handler_copy      c_w.l(__scatter_copy.o)
    0x000002da   0x00000002   PAD
    0x000002dc   0x0000001c   Code   RO          941    !!handler_zi        c_w.l(__scatter_zi.o)
    0x000002f8   0x00000002   Code   RO          807    .ARM.Collect$$libinit$$00000000  c_w.l(libinit.o)
    0x000002fa   0x00000000   Code   RO          815    .ARM.Collect$$libinit$$00000002  c_w.l(libinit2.o)
    0x000002fa   0x00000000   Code   RO          818    .ARM.Collect$$libinit$$00000008  c_w.l(libinit2.o)
    0x000002fa   0x00000000   Code   RO          820    .ARM.Collect$$libinit$$0000000A  c_w.l(libinit2.o)
    0x000002fa   0x00000000   Code   RO          822    .ARM.Collect$$libinit$$0000000C  c_w.l(libinit2.o)
    0x000002fa   0x00000000   Code   RO          825    .ARM.Collect$$libinit$$0000000F  c_w.l(libinit2.o)
    0x000002fa   0x00000000   Code   RO          827    .ARM.Collect$$libinit$$00000011  c_w.l(libinit2.o)
    0x000002fa   0x00000000   Code   RO          829    .ARM.Collect$$libinit$$00000013  c_w.l(libinit2.o)
    0x000002fa   0x00000000   Code   RO          831    .ARM.Collect$$libinit$$00000015  c_w.l(libinit2.o)
    0x000002fa   0x00000000   Code   RO          833    .ARM.Collect$$libinit$$00000017  c_w.l(libinit2.o)
    0x000002fa   0x00000000   Code   RO          835    .ARM.Collect$$libinit$$00000019  c_w.l(libinit2.o)
    0x000002fa   0x00000000   Code   RO          837    .ARM.Collect$$libinit$$0000001B  c_w.l(libinit2.o)
    0x000002fa   0x00000000   Code   RO          839    .ARM.Collect$$libinit$$0000001D  c_w.l(libinit2.o)
    0x000002fa   0x00000000   Code   RO          841    .ARM.Collect$$libinit$$0000001F  c_w.l(libinit2.o)
    0x000002fa   0x00000000   Code   RO          843    .ARM.Collect$$libinit$$00000021  c_w.l(libinit2.o)
    0x000002fa   0x00000000   Code   RO          845    .ARM.Collect$$libinit$$00000023  c_w.l(libinit2.o)
    0x000002fa   0x00000000   Code   RO          849    .ARM.Collect$$libinit$$0000002A  c_w.l(libinit2.o)
    0x000002fa   0x00000000   Code   RO          851    .ARM.Collect$$libinit$$0000002C  c_w.l(libinit2.o)
    0x000002fa   0x00000000   Code   RO          853    .ARM.Collect$$libinit$$0000002E  c_w.l(libinit2.o)
    0x000002fa   0x00000000   Code   RO          855    .ARM.Collect$$libinit$$00000030  c_w.l(libinit2.o)
    0x000002fa   0x00000002   Code   RO          856    .ARM.Collect$$libinit$$00000031  c_w.l(libinit2.o)
    0x000002fc   0x00000002   Code   RO          878    .ARM.Collect$$libshutdown$$00000000  c_w.l(libshutdown.o)
    0x000002fe   0x00000000   Code   RO          892    .ARM.Collect$$libshutdown$$00000003  c_w.l(libshutdown2.o)
    0x000002fe   0x00000000   Code   RO          895    .ARM.Collect$$libshutdown$$00000006  c_w.l(libshutdown2.o)
    0x000002fe   0x00000000   Code   RO          898    .ARM.Collect$$libshutdown$$00000009  c_w.l(libshutdown2.o)
    0x000002fe   0x00000000   Code   RO          900    .ARM.Collect$$libshutdown$$0000000B  c_w.l(libshutdown2.o)
    0x000002fe   0x00000000   Code   RO          903    .ARM.Collect$$libshutdown$$0000000E  c_w.l(libshutdown2.o)
    0x000002fe   0x00000002   Code   RO          904    .ARM.Collect$$libshutdown$$0000000F  c_w.l(libshutdown2.o)
    0x00000300   0x00000000   Code   RO          738    .ARM.Collect$$rtentry$$00000000  c_w.l(rtentry.o)
    0x00000300   0x00000000   Code   RO          770    .ARM.Collect$$rtentry$$00000002  c_w.l(rtentry2.o)
    0x00000300   0x00000006   Code   RO          782    .ARM.Collect$$rtentry$$00000004  c_w.l(rtentry4.o)
    0x00000306   0x00000000   Code   RO          772    .ARM.Collect$$rtentry$$00000009  c_w.l(rtentry2.o)
    0x00000306   0x00000004   Code   RO          773    .ARM.Collect$$rtentry$$0000000A  c_w.l(rtentry2.o)
    0x0000030a   0x00000000   Code   RO          775    .ARM.Collect$$rtentry$$0000000C  c_w.l(rtentry2.o)
    0x0000030a   0x00000008   Code   RO          776    .ARM.Collect$$rtentry$$0000000D  c_w.l(rtentry2.o)
    0x00000312   0x00000002   Code   RO          812    .ARM.Collect$$rtexit$$00000000  c_w.l(rtexit.o)
    0x00000314   0x00000000   Code   RO          860    .ARM.Collect$$rtexit$$00000002  c_w.l(rtexit2.o)
    0x00000314   0x00000004   Code   RO          861    .ARM.Collect$$rtexit$$00000003  c_w.l(rtexit2.o)
    0x00000318   0x00000006   Code   RO          862    .ARM.Collect$$rtexit$$00000004  c_w.l(rtexit2.o)
    0x0000031e   0x00000002   PAD
    0x00000320   0x00000030   Code   RO            4    .text               startup.o
    0x00000350   0x00000006   Code   RO          706    .text               c_w.l(heapauxi.o)
    0x00000356   0x00000016   Code   RO          739    .text               c_w.l(_rserrno.o)
    0x0000036c   0x00000008   Code   RO          787    .text               c_w.l(rt_errno_addr_intlibspace.o)
    0x00000374   0x00000008   Code   RO          795    .text               c_w.l(libspace.o)
    0x0000037c   0x0000004a   Code   RO          798    .text               c_w.l(sys_stackheap_outer.o)
    0x000003c6   0x0000000c   Code   RO          800    .text               c_w.l(exit.o)
    0x000003d2   0x00000002   PAD
    0x000003d4   0x0000000c   Code   RO          870    .text               c_w.l(sys_exit.o)
    0x000003e0   0x00000002   Code   RO          881    .text               c_w.l(use_no_semi.o)
    0x000003e2   0x00000000   Code   RO          883    .text               c_w.l(indicate_semi.o)
    0x000003e2   0x00000020   Code   RO          136    i.Delay1ms          st7735.o
    0x00000402   0x00000020   Code   RO          423    i.DelayWait10ms     walking.o
    0x00000422   0x00000002   PAD
    0x00000424   0x00000048   Code   RO           12    i.GPIOPortE_Handler  lab2_graphics.o
    0x0000046c   0x00000060   Code   RO           13    i.GPIOPortF_Handler  lab2_graphics.o
    0x000004cc   0x00000068   Code   RO          527    i.Init_PortB        waveforms.o
    0x00000534   0x00000108   Code   RO          573    i.Init_PortE        ir_demod.o
    0x0000063c   0x00000010   Code   RO           14    i.OutCRLF           lab2_graphics.o
    0x0000064c   0x0000007c   Code   RO          124    i.PLL_Init          pll.o
    0x000006c8   0x0000013c   Code   RO           15    i.PORTF_Init        lab2_graphics.o
    0x00000804   0x000000f6   Code   RO          146    i.ST7735_DrawCircle  st7735.o
    0x000008fa   0x00000002   PAD
    0x000008fc   0x0000007c   Code   RO          148    i.ST7735_DrawFastVLine  st7735.o
    0x00000978   0x000000ca   Code   RO          149    i.ST7735_DrawLine   st7735.o
    0x00000a42   0x00000002   PAD
    0x00000a44   0x00000048   Code   RO          150    i.ST7735_DrawPixel  st7735.o
    0x00000a8c   0x000000ba   Code   RO          152    i.ST7735_FillCircle  st7735.o
    0x00000b46   0x00000002   PAD
    0x00000b48   0x000000ac   Code   RO          153    i.ST7735_FillRect   st7735.o
    0x00000bf4   0x00000024   Code   RO          154    i.ST7735_FillScreen  st7735.o
    0x00000c18   0x0000007c   Code   RO          156    i.ST7735_InitR      st7735.o
    0x00000c94   0x00000020   Code   RO          169    i.ST7735_SetCursor  st7735.o
    0x00000cb4   0x0000008e   Code   RO          424    i.ST7735_XYPlotMan  walking.o
    0x00000d42   0x00000002   PAD
    0x00000d44   0x0000011c   Code   RO          493    i.SysTick_Handler   systick.o
    0x00000e60   0x00000030   Code   RO          494    i.SysTick_Init      systick.o
    0x00000e90   0x00000098   Code   RO           16    i.Timer0A_Handler   lab2_graphics.o
    0x00000f28   0x0000005c   Code   RO           17    i.Timer0_Init       lab2_graphics.o
    0x00000f84   0x000000c8   Code   RO          595    i.UART2_Init        uart.o
    0x0000104c   0x00000098   Code   RO          603    i.UART_Init         uart.o
    0x000010e4   0x00000018   Code   RO          604    i.UART_OutChar      uart.o
    0x000010fc   0x00000016   Code   RO          605    i.UART_OutString    uart.o
    0x00001112   0x0000002a   Code   RO          606    i.UART_OutUDec      uart.o
    0x0000113c   0x00000028   Code   RO          756    i.__ARM_fpclassify  m_ws.l(fpclassify.o)
    0x00001164   0x000000aa   Code   RO          758    i.__kernel_poly     m_ws.l(poly.o)
    0x0000120e   0x00000002   PAD
    0x00001210   0x00000010   Code   RO          754    i.__mathlib_dbl_underflow  m_ws.l(dunder.o)
    0x00001220   0x000000ca   Code   RO           18    i.addressBinToDecimal  lab2_graphics.o
    0x000012ea   0x00000002   PAD
    0x000012ec   0x00000078   Code   RO           19    i.checkStartPulse   lab2_graphics.o
    0x00001364   0x00000018   Code   RO          528    i.clearWave         waveforms.o
    0x0000137c   0x0000000a   Code   RO          426    i.clear_animation   walking.o
    0x00001386   0x00000056   Code   RO          173    i.commandList       st7735.o
    0x000013dc   0x00000184   Code   RO          174    i.commonInit        st7735.o
    0x00001560   0x00000080   Code   RO           20    i.decodePacket      lab2_graphics.o
    0x000015e0   0x0000002c   Code   RO           21    i.isSameDeviceNum   lab2_graphics.o
    0x0000160c   0x00000184   Code   RO           22    i.main              lab2_graphics.o
    0x00001790   0x000009e0   Code   RO          729    i.pow               m_ws.l(pow.o)
    0x00002170   0x00000012   Code   RO          179    i.pushColor         st7735.o
    0x00002182   0x00000002   PAD
    0x00002184   0x000000f0   Code   RO          428    i.running_animation  walking.o
    0x00002274   0x000000f0   Code   RO          429    i.running_backwards_animation  walking.o
    0x00002364   0x0000000c   Code   RO          529    i.sawtoothWave      waveforms.o
    0x00002370   0x00000074   Code   RO          180    i.setAddrWindow     st7735.o
    0x000023e4   0x00000014   Code   RO          530    i.sineWave          waveforms.o
    0x000023f8   0x0000004c   Code   RO          762    i.sqrt              m_ws.l(sqrt.o)
    0x00002444   0x00000018   Code   RO          531    i.squareWave        waveforms.o
    0x0000245c   0x00000018   Code   RO          532    i.triangleWave      waveforms.o
    0x00002474   0x000000f0   Code   RO          430    i.walking_animation  walking.o
    0x00002564   0x000000f0   Code   RO          431    i.walking_backwards_animation  walking.o
    0x00002654   0x00000030   Code   RO          181    i.writecommand      st7735.o
    0x00002684   0x00000020   Code   RO          182    i.writedata         st7735.o
    0x000026a4   0x00000150   Code   RO          710    x$fpl$dadd          fz_ws.l(daddsub_clz.o)
    0x000027f4   0x00000010   Code   RO          789    x$fpl$dcheck1       fz_ws.l(dcheck1.o)
    0x00002804   0x00000018   Code   RO          808    x$fpl$dcmpinf       fz_ws.l(dcmpi.o)
    0x0000281c   0x000002b0   Code   RO          742    x$fpl$ddiv          fz_ws.l(ddiv.o)
    0x00002acc   0x0000005e   Code   RO          716    x$fpl$dfix          fz_ws.l(dfix.o)
    0x00002b2a   0x0000002e   Code   RO          721    x$fpl$dflt          fz_ws.l(dflt_clz.o)
    0x00002b58   0x00000078   Code   RO          791    x$fpl$dleqf         fz_ws.l(dleqf.o)
    0x00002bd0   0x00000154   Code   RO          726    x$fpl$dmul          fz_ws.l(dmul.o)
    0x00002d24   0x0000009c   Code   RO          745    x$fpl$dnaninf       fz_ws.l(dnaninf.o)
    0x00002dc0   0x0000000c   Code   RO          747    x$fpl$dretinf       fz_ws.l(dretinf.o)
    0x00002dcc   0x0000006c   Code   RO          749    x$fpl$drleqf        fz_ws.l(drleqf.o)
    0x00002e38   0x00000016   Code   RO          711    x$fpl$drsb          fz_ws.l(daddsub_clz.o)
    0x00002e4e   0x00000002   PAD
    0x00002e50   0x00000198   Code   RO          793    x$fpl$dsqrt         fz_ws.l(dsqrt_umaal.o)
    0x00002fe8   0x000001d4   Code   RO          712    x$fpl$dsub          fz_ws.l(daddsub_clz.o)
    0x000031bc   0x00000064   Code   RO          810    x$fpl$retnan        fz_ws.l(retnan.o)
    0x00003220   0x0000005c   Code   RO          751    x$fpl$scalbn        fz_ws.l(scalbn.o)
    0x0000327c   0x00000030   Code   RO          857    x$fpl$trapveneer    fz_ws.l(trapv.o)
    0x000032ac   0x00000000   Code   RO          753    x$fpl$usenofp       fz_ws.l(usenofp.o)
    0x000032ac   0x000007e2   Data   RO          184    .constdata          st7735.o
    0x00003a8e   0x00000002   PAD
    0x00003a90   0x00000400   Data   RO          533    .constdata          waveforms.o
    0x00003e90   0x00000088   Data   RO          730    .constdata          m_ws.l(pow.o)
    0x00003f18   0x00000008   Data   RO          760    .constdata          m_ws.l(qnan.o)
    0x00003f20   0x00000020   Data   RO          935    Region$$Table       anon$$obj.o


    Execution Region ER_RW (Base: 0x20000000, Size: 0x000000a4, Max: 0xffffffff, ABSOLUTE)

    Base Addr    Size         Type   Attr      Idx    E Section Name        Object

    0x20000000   0x00000060   Data   RW           24    .data               lab2_graphics.o
    0x20000060   0x0000002c   Data   RW          185    .data               st7735.o
    0x2000008c   0x00000014   Data   RW          433    .data               walking.o
    0x200000a0   0x00000004   Data   RW          497    .data               systick.o


    Execution Region ER_ZI (Base: 0x200000a4, Size: 0x000014cc, Max: 0xffffffff, ABSOLUTE)

    Base Addr    Size         Type   Attr      Idx    E Section Name        Object

    0x200000a4   0x00001068   Zero   RW           23    .bss                lab2_graphics.o
    0x2000110c   0x00000060   Zero   RW          796    .bss                c_w.l(libspace.o)
    0x2000116c   0x00000004   PAD
    0x20001170   0x00000000   Zero   RW            2    HEAP                startup.o
    0x20001170   0x00000400   Zero   RW            1    STACK               startup.o


==============================================================================

Image component sizes


      Code (inc. data)   RO Data    RW Data    ZI Data      Debug   Object Name

       264         48          0          0          0        497   ir_demod.o
      1626        298          0         96       4200      12049   lab2_graphics.o
       124          6          0          0          0        439   pll.o
      1914        150       2018         44          0      12712   st7735.o
       692        632          0          0       1024        948   startup.o
       332         28          0          4          0       1255   systick.o
       440         74          0          0          0       2248   uart.o
      1144         72          0         20          0       4457   walking.o
       208         54       1024          0          0       3015   waveforms.o

    ----------------------------------------------------------------------
      6758       1362       3076        164       5224      37620   Object Totals
         0          0         32          0          0          0   (incl. Generated)
        14          0          2          0          0          0   (incl. Padding)

    ----------------------------------------------------------------------

      Code (inc. data)   RO Data    RW Data    ZI Data      Debug   Library Member Name

         8          0          0          0          0         68   __main.o
        52          8          0          0          0          0   __scatter.o
        26          0          0          0          0          0   __scatter_copy.o
        28          0          0          0          0          0   __scatter_zi.o
        22          0          0          0          0        100   _rserrno.o
        12          0          0          0          0         72   exit.o
         6          0          0          0          0        152   heapauxi.o
         0          0          0          0          0          0   indicate_semi.o
         2          0          0          0          0          0   libinit.o
         2          0          0          0          0          0   libinit2.o
         2          0          0          0          0          0   libshutdown.o
         2          0          0          0          0          0   libshutdown2.o
         8          4          0          0         96         68   libspace.o
         8          4          0          0          0         68   rt_errno_addr_intlibspace.o
         0          0          0          0          0          0   rtentry.o
        12          0          0          0          0          0   rtentry2.o
         6          0          0          0          0          0   rtentry4.o
         2          0          0          0          0          0   rtexit.o
        10          0          0          0          0          0   rtexit2.o
        12          4          0          0          0         68   sys_exit.o
        74          0          0          0          0         80   sys_stackheap_outer.o
         2          0          0          0          0         68   use_no_semi.o
       826         16          0          0          0        348   daddsub_clz.o
        16          4          0          0          0         68   dcheck1.o
        24          0          0          0          0         68   dcmpi.o
       688        140          0          0          0        208   ddiv.o
        94          4          0          0          0         92   dfix.o
        46          0          0          0          0         68   dflt_clz.o
       120          4          0          0          0         92   dleqf.o
       340         12          0          0          0        104   dmul.o
       156          4          0          0          0         92   dnaninf.o
        12          0          0          0          0         68   dretinf.o
       108          0          0          0          0         80   drleqf.o
       408         56          0          0          0        120   dsqrt_umaal.o
       100          0          0          0          0         68   retnan.o
        92          0          0          0          0         68   scalbn.o
        48          0          0          0          0         68   trapv.o
         0          0          0          0          0          0   usenofp.o
        16          6          0          0          0         68   dunder.o
        40          0          0          0          0         68   fpclassify.o
       170          0          0          0          0         96   poly.o
      2528        190        136          0          0        332   pow.o
         0          0          8          0          0          0   qnan.o
        76          0          0          0          0         84   sqrt.o

    ----------------------------------------------------------------------
      6214        456        144          0        100       3004   Library Totals
        10          0          0          0          4          0   (incl. Padding)

    ----------------------------------------------------------------------

      Code (inc. data)   RO Data    RW Data    ZI Data      Debug   Library Name

       296         20          0          0         96        744   c_w.l
      3078        240          0          0          0       1612   fz_ws.l
      2830        196        144          0          0        648   m_ws.l

    ----------------------------------------------------------------------
      6214        456        144          0        100       3004   Library Totals

    ----------------------------------------------------------------------

==============================================================================


      Code (inc. data)   RO Data    RW Data    ZI Data      Debug   

     12972       1818       3220        164       5324      36672   Grand Totals
     12972       1818       3220        164       5324      36672   ELF Image Totals
     12972       1818       3220        164          0          0   ROM Totals

==============================================================================

    Total RO  Size (Code + RO Data)                16192 (  15.81kB)
    Total RW  Size (RW Data + ZI Data)              5488 (   5.36kB)
    Total ROM Size (Code + RO Data + RW Data)      16356 (  15.97kB)

==============================================================================

