<html>
<body>
<pre>
<h1>µVision Build Log</h1>
<h2>Project:</h2>
C:\Users\Rosswell\Documents\Tone-Generator\Infrared_Receiver\TM4C_2_Receiver\Lab2.uvproj
Project File Date:  12/09/2019

<h2>Output:</h2>
Rebuild target 'HelloLaunchPad'
assembling startup.s...
compiling lab2_graphics.c...
lab2_graphics.c(60): warning:  #177-D: variable "k" was declared but never referenced
        unsigned int k ;
lab2_graphics.c(62): warning:  #177-D: variable "previous_input_device_number" was declared but never referenced
        int previous_input_device_number = 0;   
lab2_graphics.c(365): warning:  #1-D: last line of file ends without a newline
  */
lab2_graphics.c: 3 warnings, 0 errors
compiling PLL.c...
compiling ST7735.c...
compiling walking.c...
walking.c(355): warning:  #1-D: last line of file ends without a newline
  }
walking.c: 1 warning, 0 errors
compiling SysTick.c...
compiling waveforms.c...
compiling IR_Demod.c...
compiling UART.c...
linking...
Program Size: Code=12972 RO-data=3220 RW-data=164 ZI-data=5324  
".\HelloLaunchPad.axf" - 0 Error(s), 4 Warning(s).
Load "C:\\Users\\Rosswell\\Documents\\Tone-Generator\\Infrared_Receiver\\TM4C_2_Receiver\\HelloLaunchPad.axf" 
Connecting: Mode=JTAG, Speed=1000000Hz
Erase Done.
Programming Done.
Verify OK.
t not created

t enough information to list image symbols.
Finished: 1 information, 0 warning and 2 error messages.
".\HelloLaunchPad.axf" - 2 Error(s), 4 Warning(s).
Target not created
