<html>
<body>
<pre>
<h1>µVision Build Log</h1>
<h2>Tool Versions:</h2>
IDE-Version: µVision V5.27.1.0
Copyright (C) 2019 ARM Ltd and ARM Germany GmbH. All rights reserved.
License Information: Steven Phan , csulb, LIC=----
 
Tool Versions:
Toolchain:       MDK-Lite  Version: 5.27.1.0
Toolchain Path:  C:\Keil_v5\ARM\ARMCC\Bin
C Compiler:      Armcc.exe V5.06 update 6 (build 750)
Assembler:       Armasm.exe V5.06 update 6 (build 750)
Linker/Locator:  ArmLink.exe V5.06 update 6 (build 750)
Library Manager: ArmAr.exe V5.06 update 6 (build 750)
Hex Converter:   FromElf.exe V5.06 update 6 (build 750)
CPU DLL:         SARMCM3.DLL V5.27.1.0
Dialog DLL:      DCM.DLL V1.17.2.0
Target DLL:      lmidk-agdi.dll V???
Dialog DLL:      TCM.DLL V1.36.1.0
 
<h2>Project:</h2>
C:\Users\1anh2\Downloads\Ir Controller\IR-Controller\IR Controller\TM4C_1\UART.uvproj
Project File Date:  12/03/2019

<h2>Output:</h2>
*** Using Compiler 'V5.06 update 6 (build 750)', folder: 'C:\Keil_v5\ARM\ARMCC\Bin'
Build target 'UART'
compiling PLL.c...
assembling startup.s...
compiling SysTick.c...
compiling UART.c...
UART.c(377): warning:  #177-D: variable "return_digits"  was declared but never referenced
  char return_digits[3];
UART.c: 1 warning, 0 errors
compiling IRTestMain.c...
IR_Mod.h(4): warning:  #1-D: last line of file ends without a newline
  void startPulse(void); 
IRTestMain.c(41): warning:  #177-D: variable "x"  was declared but never referenced
  	unsigned char x;
IRTestMain.c(42): warning:  #177-D: variable "i"  was declared but never referenced
    unsigned char i;
IRTestMain.c(43): warning:  #177-D: variable "string"  was declared but never referenced
    char string[5];  // global to assist in debugging
IRTestMain.c(44): warning:  #177-D: variable "new_string"  was declared but never referenced
  	char new_string[10];  // global to assist in debugging
IRTestMain.c(45): warning:  #177-D: variable "value"  was declared but never referenced
    unsigned int value; 
IRTestMain.c(46): warning:  #177-D: variable "c"  was declared but never referenced
  	unsigned long c;
IRTestMain.c(49): warning:  #177-D: variable "n"  was declared but never referenced
  	unsigned char n;																		
IRTestMain.c(50): warning:  #177-D: variable "isFrequency"  was declared but never referenced
  	unsigned char isFrequency = 0x00; // flag to check if there is an f 
IRTestMain.c(51): warning:  #177-D: variable "a"  was declared but never referenced
  	char a = 0xFF;
IRTestMain.c(52): warning:  #177-D: variable "sum"  was declared but never referenced
  	int sum = 0;
IRTestMain.c(53): warning:  #177-D: variable "pwm_value"  was declared but never referenced
  	unsigned long pwm_value, freq_value;
IRTestMain.c(53): warning:  #177-D: variable "freq_value"  was declared but never referenced
  	unsigned long pwm_value, freq_value;
IRTestMain.c: 13 warnings, 0 errors
compiling PWM.c...
compiling IR_Mod.c...
IR_Mod.h(4): warning:  #1-D: last line of file ends without a newline
  void startPulse(void); 
IR_Mod.c(38): warning:  #1-D: last line of file ends without a newline
  }
IR_Mod.c: 2 warnings, 0 errors
linking...
Program Size: Code=2064 RO-data=16 RW-data=0 ZI-data=1120  
".\UART.axf" - 0 Error(s), 16 Warning(s).
Build Time Elapsed:  00:00:02
</pre>
</body>
</html>
