<html>
<body>
<pre>
<h1>µVision Build Log</h1>
<h2>Tool Versions:</h2>
IDE-Version: µVision V5.27.1.0
Copyright (C) 2019 ARM Ltd and ARM Germany GmbH. All rights reserved.
License Information: Steven Phan , csulb, LIC=----
 
Tool Versions:
Toolchain:       MDK-Lite  Version: 5.27.1.0
Toolchain Path:  C:\Keil_v5\ARM\ARMCC\Bin
C Compiler:      Armcc.exe V5.06 update 6 (build 750)
Assembler:       Armasm.exe V5.06 update 6 (build 750)
Linker/Locator:  ArmLink.exe V5.06 update 6 (build 750)
Library Manager: ArmAr.exe V5.06 update 6 (build 750)
Hex Converter:   FromElf.exe V5.06 update 6 (build 750)
CPU DLL:         SARMCM3.DLL V5.27.1.0
Dialog DLL:      DCM.DLL V1.17.2.0
Target DLL:      lmidk-agdi.dll V???
Dialog DLL:      TCM.DLL V1.36.1.0
 
<h2>Project:</h2>
C:\Users\1anh2\Downloads\Ir Controller\IR-Controller\IR Controller\TM4C_1\UART.uvproj
Project File Date:  12/03/2019

<h2>Output:</h2>
*** Using Compiler 'V5.06 update 6 (build 750)', folder: 'C:\Keil_v5\ARM\ARMCC\Bin'
Build target 'UART'
compiling SysTick.c...
compiling PLL.c...
compiling IRTestMain.c...
IR_Mod.h(8): warning:  #1-D: last line of file ends without a newline
  void logical_0(void); 
IRTestMain.c(54): warning:  #177-D: variable "isFrequency"  was declared but never referenced
  	unsigned char isFrequency = 0x00; // flag to check if there is an f 
IRTestMain.c(55): warning:  #177-D: variable "a"  was declared but never referenced
  	char a = 0xFF;
IRTestMain.c(56): warning:  #177-D: variable "sum"  was declared but never referenced
  	int sum = 0;
IRTestMain.c(133): warning:  #940-D: missing return statement at end of non-void function "decimalToBin" 
  }
IRTestMain.c(126): warning:  #550-D: variable "bin_array"  was set but never used
  	char bin_array[3]; 
IRTestMain.c: 6 warnings, 0 errors
compiling IR_Mod.c...
IR_Mod.h(8): warning:  #1-D: last line of file ends without a newline
  void logical_0(void); 
IR_Mod.c(57): warning:  #1-D: last line of file ends without a newline
  	
IR_Mod.c: 2 warnings, 0 errors
linking...
Program Size: Code=2148 RO-data=32 RW-data=4 ZI-data=1124  
".\UART.axf" - 0 Error(s), 8 Warning(s).
Build Time Elapsed:  00:00:03
</pre>
</body>
</html>
