<html>
<body>
<pre>
<h1>µVision Build Log</h1>
<h2>Project:</h2>
C:\Users\Rosswell\Documents\Tone-Generator\UART_Bluetooth\TM4C_2\UART.uvproj
Project File Date:  11/18/2019

<h2>Output:</h2>
Rebuild target 'UART'
assembling startup.s...
compiling PLL.c...
compiling UART.c...
UART.c(348): warning:  #1-D: last line of file ends without a newline
  }
UART.c: 1 warning, 0 errors
compiling UARTTestMain.c...
UARTTestMain.c(21): warning:  #177-D: variable "freq_value" was declared but never referenced
        unsigned long freq_value;  
UARTTestMain.c(22): warning:  #177-D: variable "string" was declared but never referenced
        char string [10]; 
UARTTestMain.c: 2 warnings, 0 errors
compiling Tone.c...
compiling SysTick.c...
linking...
Program Size: Code=2168 RO-data=1056 RW-data=4 ZI-data=1124  
".\UART.axf" - 0 Error(s), 3 Warning(s).
Load "C:\\Users\\Rosswell\\Documents\\Tone-Generator\\UART_Bluetooth\\TM4C_2\\UART.axf" 
Connecting: Mode=JTAG, Speed=1000000Hz
Erase Done.
Programming Done.
Verify OK.
</pre>
</body>
</html>
