<html>
<body>
<pre>
<h1>µVision Build Log</h1>
<h2>Tool Versions:</h2>
IDE-Version: µVision V5.27.1.0
Copyright (C) 2019 ARM Ltd and ARM Germany GmbH. All rights reserved.
License Information: Steven Phan , csulb, LIC=----
 
Tool Versions:
Toolchain:       MDK-Lite  Version: 5.27.1.0
Toolchain Path:  C:\Keil_v5\ARM\ARMCC\Bin
C Compiler:      Armcc.exe V5.06 update 6 (build 750)
Assembler:       Armasm.exe V5.06 update 6 (build 750)
Linker/Locator:  ArmLink.exe V5.06 update 6 (build 750)
Library Manager: ArmAr.exe V5.06 update 6 (build 750)
Hex Converter:   FromElf.exe V5.06 update 6 (build 750)
CPU DLL:         SARMCM3.DLL V5.27.1.0
Dialog DLL:      DCM.DLL V1.17.2.0
Target DLL:      lmidk-agdi.dll V???
Dialog DLL:      TCM.DLL V1.36.1.0
 
<h2>Project:</h2>
C:\School Work\git\Tone-Generator\Bluetooth_TM4C_1\UART.uvproj
Project File Date:  11/12/2019

<h2>Output:</h2>
*** Using Compiler 'V5.06 update 6 (build 750)', folder: 'C:\Keil_v5\ARM\ARMCC\Bin'
Rebuild target 'UART'
assembling startup.s...
compiling PLL.c...
compiling SysTick.c...
compiling UART.c...
UART.c(377): warning:  #177-D: variable "return_digits"  was declared but never referenced
  char return_digits[3];
UART.c: 1 warning, 0 errors
compiling UARTTestMain.c...
UARTTestMain.c(38): warning:  #177-D: variable "x"  was declared but never referenced
  	unsigned char x;
UARTTestMain.c(39): warning:  #177-D: variable "i"  was declared but never referenced
    unsigned char i;
UARTTestMain.c(41): warning:  #177-D: variable "new_string"  was declared but never referenced
  	char new_string[10];  // global to assist in debugging
UARTTestMain.c(42): warning:  #177-D: variable "value"  was declared but never referenced
    unsigned int value; 
UARTTestMain.c(43): warning:  #177-D: variable "c"  was declared but never referenced
  	unsigned long c;
UARTTestMain.c(46): warning:  #177-D: variable "n"  was declared but never referenced
  	unsigned char n;																		
UARTTestMain.c(47): warning:  #177-D: variable "isFrequency"  was declared but never referenced
  	unsigned char isFrequency = 0x00; // flag to check if there is an f 
UARTTestMain.c(48): warning:  #177-D: variable "a"  was declared but never referenced
  	char a = 0xFF;
UARTTestMain.c(49): warning:  #177-D: variable "k"  was declared but never referenced
  	int k,j;
UARTTestMain.c(49): warning:  #177-D: variable "j"  was declared but never referenced
  	int k,j;
UARTTestMain.c(50): warning:  #177-D: variable "sum"  was declared but never referenced
  	int sum = 0;
UARTTestMain.c: 11 warnings, 0 errors
compiling PWM.c...
PWM.c(31): warning:  #1-D: last line of file ends without a newline
  }
PWM.c: 1 warning, 0 errors
linking...
Program Size: Code=3816 RO-data=16 RW-data=0 ZI-data=1120  
".\UART.axf" - 0 Error(s), 13 Warning(s).
Build Time Elapsed:  00:00:02
</pre>
</body>
</html>
